Microsoft Windows [Version 10.0.18363.720]
(c) 2019 Microsoft Corporation. All rights reserved.

C:\Users\SadeedBari>cd C:\Users\SadeedBari\Documents\djangoweb\django_project

C:\Users\SadeedBari\Documents\djangoweb\django_project>heroku
CLI to interact with Heroku

VERSION
  heroku/7.39.2 win32-x64 node-v12.13.0

USAGE
  $ heroku [COMMAND]

COMMANDS
  access          manage user access to apps
  addons          tools and services for developing, extending, and operating your app
  apps            manage apps on Heroku
  auth            check 2fa status
  authorizations  OAuth authorizations
  autocomplete    display autocomplete installation instructions
  base
  buildpacks      scripts used to compile apps
  certs           a topic for the ssl plugin
  ci              run an application test suite on Heroku
  clients         OAuth clients on the platform
  config          environment variables of apps
  container       Use containers to build and deploy Heroku apps
  domains         custom domains for apps
  drains          forward logs to syslog or HTTPS
  features        add/remove app features
  git             manage local git repository for app
  help            display help for heroku
  keys            add/remove account ssh keys
  labs            add/remove experimental features
  local           run Heroku app locally
  logs            display recent log output
  maintenance     enable/disable access to app
  members         manage organization members
  notifications   display notifications
  orgs            manage organizations
  pg              manage postgresql databases
  pipelines       manage pipelines
  plugins         list installed plugins
  ps              Client tools for Heroku Exec
  psql            open a psql shell to the database
  redis           manage heroku redis instances
  regions         list available regions for deployment
  releases        display the releases for an app
  reviewapps      manage reviewapps in pipelines
  run             run a one-off process inside a Heroku dyno
  sessions        OAuth sessions
  spaces          manage heroku private spaces
  status          status of the Heroku platform
  teams           manage teams
  update          update the Heroku CLI
  webhooks        list webhooks on an app

Logging in... done
Logged in as sadeedbari@gmail.com
heroku: Press any key to open up the browser to login or q to exit:
C:\Users\SadeedBari\Documents\djangoweb\django_project>            5d0ce-1721-4857-94b3-24bb6321e8f5
C:\Users\SadeedBari\Documents\djangoweb\django_project>git init
Reinitialized existing Git repository in C:/Users/SadeedBari/Documents/djangoweb/django_project/.git/

C:\Users\SadeedBari\Documents\djangoweb\django_project>git add -A

C:\Users\SadeedBari\Documents\djangoweb\django_project>git status
On branch master
nothing to commit, working tree clean

C:\Users\SadeedBari\Documents\djangoweb\django_project>git commit -m "no update"
On branch master
nothing to commit, working tree clean

C:\Users\SadeedBari\Documents\djangoweb\django_project>heroku open
 »   Error: Missing required flag:
 »     -a, --app APP  app to run command against
 »   See more help with --help

C:\Users\SadeedBari\Documents\djangoweb\django_project>heroku open https://djangoprojectweb.herokuapp.com/
 »   Error: Missing required flag:
 »     -a, --app APP  app to run command against
 »   See more help with --help

C:\Users\SadeedBari\Documents\djangoweb\django_project>git push heroku master
fatal: 'heroku' does not appear to be a git repository
fatal: Could not read from remote repository.

Please make sure you have the correct access rights
and the repository exists.

C:\Users\SadeedBari\Documents\djangoweb\django_project>git remote

C:\Users\SadeedBari\Documents\djangoweb\django_project>git push heroku master
fatal: 'heroku' does not appear to be a git repository
fatal: Could not read from remote repository.

Please make sure you have the correct access rights
and the repository exists.

C:\Users\SadeedBari\Documents\djangoweb\django_project>git heroku status
git: 'heroku' is not a git command. See 'git --help'.

The most similar command is
        checkout

C:\Users\SadeedBari\Documents\djangoweb\django_project>heroku git:remote -a djangoprojectweb
set git remote heroku to https://git.heroku.com/djangoprojectweb.git

C:\Users\SadeedBari\Documents\djangoweb\django_project>git push heroku master
Enumerating objects: 58, done.
Counting objects: 100% (58/58), done.
Delta compression using up to 8 threads
Compressing objects: 100% (53/53), done.
Writing objects: 100% (58/58), 2.58 MiB | 1.81 MiB/s, done.
Total 58 (delta 7), reused 0 (delta 0)
remote: Compressing source files... done.
remote: Building source:
remote:
remote: -----> Python app detected
remote: cp: cannot create regular file '/app/tmp/cache/.heroku/requirements.txt': No such file or directory
remote: -----> Installing python-3.6.10
remote: -----> Installing pip
remote: -----> Installing SQLite3
remote: Sqlite3 successfully installed.
remote: -----> Installing requirements with pip
remote:        Collecting asgiref==3.2.7
remote:          Downloading asgiref-3.2.7-py2.py3-none-any.whl (19 kB)
remote:        Collecting certifi==2019.11.28
remote:          Downloading certifi-2019.11.28-py2.py3-none-any.whl (156 kB)
remote:        Collecting chardet==3.0.4
remote:          Downloading chardet-3.0.4-py2.py3-none-any.whl (133 kB)
remote:        Collecting Click==7.0
remote:          Downloading Click-7.0-py2.py3-none-any.whl (81 kB)
remote:        Collecting Django==3.0.5
remote:          Downloading Django-3.0.5-py3-none-any.whl (7.5 MB)
remote:        Collecting django-crispy-forms==1.9.0
remote:          Downloading django_crispy_forms-1.9.0-py2.py3-none-any.whl (107 kB)
remote:        Collecting Flask==1.1.1
remote:          Downloading Flask-1.1.1-py2.py3-none-any.whl (94 kB)
remote:        Collecting gunicorn==20.0.4
remote:          Downloading gunicorn-20.0.4-py2.py3-none-any.whl (77 kB)
remote:        Collecting idna==2.9
remote:          Downloading idna-2.9-py2.py3-none-any.whl (58 kB)
remote:        Collecting inflection==0.3.1
remote:          Downloading inflection-0.3.1.tar.gz (8.7 kB)
remote:        Collecting itsdangerous==1.1.0
remote:          Downloading itsdangerous-1.1.0-py2.py3-none-any.whl (16 kB)
remote:        Collecting Jinja2==2.11.1
remote:          Downloading Jinja2-2.11.1-py2.py3-none-any.whl (126 kB)
remote:        Collecting joblib==0.14.1
remote:          Downloading joblib-0.14.1-py2.py3-none-any.whl (294 kB)
remote:        Collecting MarkupSafe==1.1.1
remote:          Downloading MarkupSafe-1.1.1-cp36-cp36m-manylinux1_x86_64.whl (27 kB)
remote:        Collecting more-itertools==8.2.0
remote:          Downloading more_itertools-8.2.0-py3-none-any.whl (43 kB)
remote:        Collecting numpy==1.18.1
remote:          Downloading numpy-1.18.1-cp36-cp36m-manylinux1_x86_64.whl (20.1 MB)
remote:        Collecting pandas==1.0.1
remote:          Downloading pandas-1.0.1-cp36-cp36m-manylinux1_x86_64.whl (10.1 MB)
remote:        Collecting Pillow==7.1.1
remote:          Downloading Pillow-7.1.1-cp36-cp36m-manylinux1_x86_64.whl (2.1 MB)
remote:        Collecting python-dateutil==2.8.1
remote:          Downloading python_dateutil-2.8.1-py2.py3-none-any.whl (227 kB)
remote:        Collecting pytz==2019.3
remote:          Downloading pytz-2019.3-py2.py3-none-any.whl (509 kB)
remote:        Collecting PyYAML==5.3
remote:          Downloading PyYAML-5.3.tar.gz (268 kB)
remote:        Collecting Quandl==3.5.0
remote:          Downloading Quandl-3.5.0-py2.py3-none-any.whl (25 kB)
remote:        Collecting requests==2.23.0
remote:          Downloading requests-2.23.0-py2.py3-none-any.whl (58 kB)
remote:        Collecting scikit-learn==0.22.2.post1
remote:          Downloading scikit_learn-0.22.2.post1-cp36-cp36m-manylinux1_x86_64.whl (7.1 MB)
remote:        Collecting scipy==1.4.1
remote:          Downloading scipy-1.4.1-cp36-cp36m-manylinux1_x86_64.whl (26.1 MB)
remote:        Collecting six==1.14.0
remote:          Downloading six-1.14.0-py2.py3-none-any.whl (10 kB)
remote:        Collecting sklearn==0.0
remote:          Downloading sklearn-0.0.tar.gz (1.1 kB)
remote:        Collecting sqlparse==0.3.1
remote:          Downloading sqlparse-0.3.1-py2.py3-none-any.whl (40 kB)
remote:        Collecting urllib3==1.25.8
remote:          Downloading urllib3-1.25.8-py2.py3-none-any.whl (125 kB)
remote:        Collecting Werkzeug==1.0.0
remote:          Downloading Werkzeug-1.0.0-py2.py3-none-any.whl (298 kB)
remote:        Building wheels for collected packages: inflection, PyYAML, sklearn
remote:          Building wheel for inflection (setup.py): started
remote:          Building wheel for inflection (setup.py): finished with status 'done'
remote:          Created wheel for inflection: filename=inflection-0.3.1-py3-none-any.whl size=6075 sha256=ccc53ccea19fdc0f4f58a764b998ab63c656fafc8460247fa37081d2272b9991
remote:          Stored in directory: /tmp/pip-ephem-wheel-cache-9dcl4i0m/wheels/20/80/0f/19bee3c7f2cf5ca41fcc9cdc8ed94c88b9946872651cb5ee91
remote:          Building wheel for PyYAML (setup.py): started
remote:          Building wheel for PyYAML (setup.py): finished with status 'done'
remote:          Created wheel for PyYAML: filename=PyYAML-5.3-cp36-cp36m-linux_x86_64.whl size=401770 sha256=381507f4370990c88ca5bcc2d50f61d7217b4dcfc146a7ac689d98129a6dc674
remote:          Stored in directory: /tmp/pip-ephem-wheel-cache-9dcl4i0m/wheels/b1/86/0d/10e6c39d3a2b85ba807d7657ee80f08cc16c03f2aa2adf8e46
remote:          Building wheel for sklearn (setup.py): started
remote:          Building wheel for sklearn (setup.py): finished with status 'done'
remote:          Created wheel for sklearn: filename=sklearn-0.0-py2.py3-none-any.whl size=1315 sha256=c780444417700140d3c2e609d38e38f333df97c24d6990f4ffc0497923e49009
remote:          Stored in directory: /tmp/pip-ephem-wheel-cache-9dcl4i0m/wheels/23/9d/42/5ec745cbbb17517000a53cecc49d6a865450d1f5cb16dc8a9c
remote:        Successfully built inflection PyYAML sklearn
remote:        Installing collected packages: asgiref, certifi, chardet, Click, pytz, sqlparse, Django, django-crispy-forms, MarkupSafe, Jinja2, Werkzeug, itsdangerous, Flask, gunicorn, idna, inflection, joblib, more-itertools, numpy, six, python-dateutil, pandas, Pillow, PyYAML, urllib3, requests, Quandl, scipy, scikit-learn, sklearn
remote:        Successfully installed Click-7.0 Django-3.0.5 Flask-1.1.1 Jinja2-2.11.1 MarkupSafe-1.1.1 Pillow-7.1.1 PyYAML-5.3 Quandl-3.5.0 Werkzeug-1.0.0 asgiref-3.2.7 certifi-2019.11.28 chardet-3.0.4 django-crispy-forms-1.9.0 gunicorn-20.0.4 idna-2.9 inflection-0.3.1 itsdangerous-1.1.0 joblib-0.14.1 more-itertools-8.2.0 numpy-1.18.1 pandas-1.0.1 python-dateutil-2.8.1 pytz-2019.3 requests-2.23.0 scikit-learn-0.22.2.post1 scipy-1.4.1 six-1.14.0 sklearn-0.0 sqlparse-0.3.1 urllib3-1.25.8
remote: -----> $ python manage.py collectstatic --noinput
remote:        Traceback (most recent call last):
remote:          File "manage.py", line 21, in <module>
remote:            main()
remote:          File "manage.py", line 17, in main
remote:            execute_from_command_line(sys.argv)
remote:          File "/app/.heroku/python/lib/python3.6/site-packages/django/core/management/__init__.py", line 401, in execute_from_command_line
remote:            utility.execute()
remote:          File "/app/.heroku/python/lib/python3.6/site-packages/django/core/management/__init__.py", line 395, in execute
remote:            self.fetch_command(subcommand).run_from_argv(self.argv)
remote:          File "/app/.heroku/python/lib/python3.6/site-packages/django/core/management/base.py", line 328, in run_from_argv
remote:            self.execute(*args, **cmd_options)
remote:          File "/app/.heroku/python/lib/python3.6/site-packages/django/core/management/base.py", line 369, in execute
remote:            output = self.handle(*args, **options)
remote:          File "/app/.heroku/python/lib/python3.6/site-packages/django/contrib/staticfiles/management/commands/collectstatic.py", line 187, in handle
remote:            collected = self.collect()
remote:          File "/app/.heroku/python/lib/python3.6/site-packages/django/contrib/staticfiles/management/commands/collectstatic.py", line 113, in collect
remote:            handler(path, prefixed_path, storage)
remote:          File "/app/.heroku/python/lib/python3.6/site-packages/django/contrib/staticfiles/management/commands/collectstatic.py", line 338, in copy_file
remote:            if not self.delete_file(path, prefixed_path, source_storage):
remote:          File "/app/.heroku/python/lib/python3.6/site-packages/django/contrib/staticfiles/management/commands/collectstatic.py", line 248, in delete_file
remote:            if self.storage.exists(prefixed_path):
remote:          File "/app/.heroku/python/lib/python3.6/site-packages/django/core/files/storage.py", line 311, in exists
remote:            return os.path.exists(self.path(name))
remote:          File "/app/.heroku/python/lib/python3.6/site-packages/django/contrib/staticfiles/storage.py", line 43, in path
remote:            raise ImproperlyConfigured("You're using the staticfiles app "
remote:        django.core.exceptions.ImproperlyConfigured: You're using the staticfiles app without having set the STATIC_ROOT setting to a filesystem path.
remote:
remote:  !     Error while running '$ python manage.py collectstatic --noinput'.
remote:        See traceback above for details.
remote:
remote:        You may need to update application code to resolve this error.
remote:        Or, you can disable collectstatic for this application:
remote:
remote:           $ heroku config:set DISABLE_COLLECTSTATIC=1
remote:
remote:        https://devcenter.heroku.com/articles/django-assets
remote:  !     Push rejected, failed to compile Python app.
remote:
remote:  !     Push failed
remote: Verifying deploy...
remote:
remote: !       Push rejected to djangoprojectweb.
remote:
To https://git.heroku.com/djangoprojectweb.git
 ! [remote rejected] master -> master (pre-receive hook declined)
error: failed to push some refs to 'https://git.heroku.com/djangoprojectweb.git'

C:\Users\SadeedBari\Documents\djangoweb\django_project>git status
On branch master
Changes not staged for commit:
  (use "git add <file>..." to update what will be committed)
  (use "git restore <file>..." to discard changes in working directory)
        modified:   django_project/settings.py

no changes added to commit (use "git add" and/or "git commit -a")

C:\Users\SadeedBari\Documents\djangoweb\django_project>git add .

C:\Users\SadeedBari\Documents\djangoweb\django_project>git commit -m "updated static root"
[master 044e8e8] updated static root
 1 file changed, 2 insertions(+), 1 deletion(-)

C:\Users\SadeedBari\Documents\djangoweb\django_project>git push heroku master
Enumerating objects: 62, done.
Counting objects: 100% (62/62), done.
Delta compression using up to 8 threads
Compressing objects: 100% (57/57), done.
Writing objects: 100% (62/62), 2.58 MiB | 1.64 MiB/s, done.
Total 62 (delta 9), reused 0 (delta 0)
remote: Compressing source files... done.
remote: Building source:
remote:
remote: -----> Python app detected
remote: cp: cannot create regular file '/app/tmp/cache/.heroku/requirements.txt': No such file or directory
remote: -----> Installing python-3.6.10
remote: -----> Installing pip
remote: -----> Installing SQLite3
remote: Sqlite3 successfully installed.
remote: -----> Installing requirements with pip
remote:        Collecting asgiref==3.2.7
remote:          Downloading asgiref-3.2.7-py2.py3-none-any.whl (19 kB)
remote:        Collecting certifi==2019.11.28
remote:          Downloading certifi-2019.11.28-py2.py3-none-any.whl (156 kB)
remote:        Collecting chardet==3.0.4
remote:          Downloading chardet-3.0.4-py2.py3-none-any.whl (133 kB)
remote:        Collecting Click==7.0
remote:          Downloading Click-7.0-py2.py3-none-any.whl (81 kB)
remote:        Collecting Django==3.0.5
remote:          Downloading Django-3.0.5-py3-none-any.whl (7.5 MB)
remote:        Collecting django-crispy-forms==1.9.0
remote:          Downloading django_crispy_forms-1.9.0-py2.py3-none-any.whl (107 kB)
remote:        Collecting Flask==1.1.1
remote:          Downloading Flask-1.1.1-py2.py3-none-any.whl (94 kB)
remote:        Collecting gunicorn==20.0.4
remote:          Downloading gunicorn-20.0.4-py2.py3-none-any.whl (77 kB)
remote:        Collecting idna==2.9
remote:          Downloading idna-2.9-py2.py3-none-any.whl (58 kB)
remote:        Collecting inflection==0.3.1
remote:          Downloading inflection-0.3.1.tar.gz (8.7 kB)
remote:        Collecting itsdangerous==1.1.0
remote:          Downloading itsdangerous-1.1.0-py2.py3-none-any.whl (16 kB)
remote:        Collecting Jinja2==2.11.1
remote:          Downloading Jinja2-2.11.1-py2.py3-none-any.whl (126 kB)
remote:        Collecting joblib==0.14.1
remote:          Downloading joblib-0.14.1-py2.py3-none-any.whl (294 kB)
remote:        Collecting MarkupSafe==1.1.1
remote:          Downloading MarkupSafe-1.1.1-cp36-cp36m-manylinux1_x86_64.whl (27 kB)
remote:        Collecting more-itertools==8.2.0
remote:          Downloading more_itertools-8.2.0-py3-none-any.whl (43 kB)
remote:        Collecting numpy==1.18.1
remote:          Downloading numpy-1.18.1-cp36-cp36m-manylinux1_x86_64.whl (20.1 MB)
remote:        Collecting pandas==1.0.1
remote:          Downloading pandas-1.0.1-cp36-cp36m-manylinux1_x86_64.whl (10.1 MB)
remote:        Collecting Pillow==7.1.1
remote:          Downloading Pillow-7.1.1-cp36-cp36m-manylinux1_x86_64.whl (2.1 MB)
remote:        Collecting python-dateutil==2.8.1
remote:          Downloading python_dateutil-2.8.1-py2.py3-none-any.whl (227 kB)
remote:        Collecting pytz==2019.3
remote:          Downloading pytz-2019.3-py2.py3-none-any.whl (509 kB)
remote:        Collecting PyYAML==5.3
remote:          Downloading PyYAML-5.3.tar.gz (268 kB)
remote:        Collecting Quandl==3.5.0
remote:          Downloading Quandl-3.5.0-py2.py3-none-any.whl (25 kB)
remote:        Collecting requests==2.23.0
remote:          Downloading requests-2.23.0-py2.py3-none-any.whl (58 kB)
remote:        Collecting scikit-learn==0.22.2.post1
remote:          Downloading scikit_learn-0.22.2.post1-cp36-cp36m-manylinux1_x86_64.whl (7.1 MB)
remote:        Collecting scipy==1.4.1
remote:          Downloading scipy-1.4.1-cp36-cp36m-manylinux1_x86_64.whl (26.1 MB)
remote:        Collecting six==1.14.0
remote:          Downloading six-1.14.0-py2.py3-none-any.whl (10 kB)
remote:        Collecting sklearn==0.0
remote:          Downloading sklearn-0.0.tar.gz (1.1 kB)
remote:        Collecting sqlparse==0.3.1
remote:          Downloading sqlparse-0.3.1-py2.py3-none-any.whl (40 kB)
remote:        Collecting urllib3==1.25.8
remote:          Downloading urllib3-1.25.8-py2.py3-none-any.whl (125 kB)
remote:        Collecting Werkzeug==1.0.0
remote:          Downloading Werkzeug-1.0.0-py2.py3-none-any.whl (298 kB)
remote:        Building wheels for collected packages: inflection, PyYAML, sklearn
remote:          Building wheel for inflection (setup.py): started
remote:          Building wheel for inflection (setup.py): finished with status 'done'
remote:          Created wheel for inflection: filename=inflection-0.3.1-py3-none-any.whl size=6075 sha256=e7a210930f8ccb85d05b6197e801b711a3a417de3ebdfc49356668d528c3e525
remote:          Stored in directory: /tmp/pip-ephem-wheel-cache-bnx9873b/wheels/20/80/0f/19bee3c7f2cf5ca41fcc9cdc8ed94c88b9946872651cb5ee91
remote:          Building wheel for PyYAML (setup.py): started
remote:          Building wheel for PyYAML (setup.py): finished with status 'done'
remote:          Created wheel for PyYAML: filename=PyYAML-5.3-cp36-cp36m-linux_x86_64.whl size=401773 sha256=83d9bac70ab3485fa6797dbaede79e86f355c8b2816a7c3d4708a43690af5e4c
remote:          Stored in directory: /tmp/pip-ephem-wheel-cache-bnx9873b/wheels/b1/86/0d/10e6c39d3a2b85ba807d7657ee80f08cc16c03f2aa2adf8e46
remote:          Building wheel for sklearn (setup.py): started
remote:          Building wheel for sklearn (setup.py): finished with status 'done'
remote:          Created wheel for sklearn: filename=sklearn-0.0-py2.py3-none-any.whl size=1315 sha256=057495d41b497c128556d514a89414379876469ddd74681bdd05c65352056f4e
remote:          Stored in directory: /tmp/pip-ephem-wheel-cache-bnx9873b/wheels/23/9d/42/5ec745cbbb17517000a53cecc49d6a865450d1f5cb16dc8a9c
remote:        Successfully built inflection PyYAML sklearn
remote:        Installing collected packages: asgiref, certifi, chardet, Click, pytz, sqlparse, Django, django-crispy-forms, MarkupSafe, Jinja2, Werkzeug, itsdangerous, Flask, gunicorn, idna, inflection, joblib, more-itertools, numpy, six, python-dateutil, pandas, Pillow, PyYAML, urllib3, requests, Quandl, scipy, scikit-learn, sklearn
remote:        Successfully installed Click-7.0 Django-3.0.5 Flask-1.1.1 Jinja2-2.11.1 MarkupSafe-1.1.1 Pillow-7.1.1 PyYAML-5.3 Quandl-3.5.0 Werkzeug-1.0.0 asgiref-3.2.7 certifi-2019.11.28 chardet-3.0.4 django-crispy-forms-1.9.0 gunicorn-20.0.4 idna-2.9 inflection-0.3.1 itsdangerous-1.1.0 joblib-0.14.1 more-itertools-8.2.0 numpy-1.18.1 pandas-1.0.1 python-dateutil-2.8.1 pytz-2019.3 requests-2.23.0 scikit-learn-0.22.2.post1 scipy-1.4.1 six-1.14.0 sklearn-0.0 sqlparse-0.3.1 urllib3-1.25.8
remote: -----> $ python manage.py collectstatic --noinput
remote:        131 static files copied to '/tmp/build_f6235e65d4ad70545d47c5eca5b559dd/staticfiles'.
remote:
remote: -----> Discovering process types
remote:        Procfile declares types -> (none)
remote:
remote: -----> Compressing...
remote:        Done: 129.9M
remote: -----> Launching...
remote:        Released v5
remote:        https://djangoprojectweb.herokuapp.com/ deployed to Heroku
remote:
remote: Verifying deploy... done.
To https://git.heroku.com/djangoprojectweb.git
 * [new branch]      master -> master

C:\Users\SadeedBari\Documents\djangoweb\django_project>heroku logs --tail
2020-04-12T22:05:56.078868+00:00 app[api]: Initial release by user sadeedbari@gmail.com
2020-04-12T22:05:56.248978+00:00 app[api]: Release v2 created by user sadeedbari@gmail.com
2020-04-12T22:05:56.078868+00:00 app[api]: Release v1 created by user sadeedbari@gmail.com
2020-04-12T22:05:56.248978+00:00 app[api]: Enable Logplex by user sadeedbari@gmail.com
2020-04-12T22:07:36.559504+00:00 heroku[router]: at=info code=H81 desc="Blank app" method=GET path="/" host=djangoprojectweb.herokuapp.com request_id=e2eca905-1e5d-4cf9-b34e-12cf193bb4d8 fwd="99.247.76.200" dyno= connect= service= status=502 bytes= protocol=https
2020-04-12T22:07:37.923793+00:00 heroku[router]: at=info code=H81 desc="Blank app" method=GET path="/favicon.ico" host=djangoprojectweb.herokuapp.com request_id=1d6f6a8b-d389-47e4-ad79-baae70d6a32b fwd="99.247.76.200" dyno= connect= service= status=502 bytes= protocol=https
2020-04-12T22:23:54.000000+00:00 app[api]: Build started by user sadeedbari@gmail.com
2020-04-12T22:24:47.000000+00:00 app[api]: Build failed -- check your build output: https://dashboard.heroku.com/apps/09b646a9-58e4-49ba-a9b9-b784a463c517/activity/builds/aa7e9212-71d5-4d44-a8c6-ba37a40b103a
2020-04-12T22:28:44.000000+00:00 app[api]: Build started by user sadeedbari@gmail.com
2020-04-12T22:30:00.118864+00:00 app[api]: Attach DATABASE (@ref:postgresql-vertical-48758) by user sadeedbari@gmail.com
2020-04-12T22:30:00.118864+00:00 app[api]: Running release v3 commands by user sadeedbari@gmail.com
2020-04-12T22:30:00.136706+00:00 app[api]: @ref:postgresql-vertical-48758 completed provisioning, setting DATABASE_URL. by user sadeedbari@gmail.com
2020-04-12T22:30:00.136706+00:00 app[api]: Release v4 created by user sadeedbari@gmail.com
2020-04-12T22:30:00.437945+00:00 app[api]: Deploy 044e8e80 by user sadeedbari@gmail.com
2020-04-12T22:30:00.437945+00:00 app[api]: Release v5 created by user sadeedbari@gmail.com
2020-04-12T22:30:22.000000+00:00 app[api]: Build succeeded
2020-04-12T22:30:31.483585+00:00 heroku[router]: at=error code=H14 desc="No web processes running" method=GET path="/" host=djangoprojectweb.herokuapp.com request_id=c59aceb5-d4d5-4cb5-96d2-27ecde996f53 fwd="99.247.76.200" dyno= connect= service= status=503 bytes= protocol=https
2020-04-12T22:30:32.872435+00:00 heroku[router]: at=error code=H14 desc="No web processes running" method=GET path="/favicon.ico" host=djangoprojectweb.herokuapp.com request_id=c74dd826-7a87-40da-8b00-88a1648d4001 fwd="99.247.76.200" dyno= connect= service= status=503 bytes= protocol=https
^CTerminate batch job (Y/N)? y

C:\Users\SadeedBari\Documents\djangoweb\django_project>git status
On branch master
Untracked files:
  (use "git add <file>..." to include in what will be committed)
        Procfile

nothing added to commit but untracked files present (use "git add" to track)

C:\Users\SadeedBari\Documents\djangoweb\django_project>git add .

C:\Users\SadeedBari\Documents\djangoweb\django_project>git commit -m "added procfile"
[master 154346c] added procfile
 1 file changed, 1 insertion(+)
 create mode 100644 Procfile

C:\Users\SadeedBari\Documents\djangoweb\django_project>git push heroku master
Enumerating objects: 4, done.
Counting objects: 100% (4/4), done.
Delta compression using up to 8 threads
Compressing objects: 100% (2/2), done.
Writing objects: 100% (3/3), 303 bytes | 101.00 KiB/s, done.
Total 3 (delta 1), reused 0 (delta 0)
remote: Compressing source files... done.
remote: Building source:
remote:
remote: -----> Python app detected
remote: -----> Clearing cached dependencies
remote: -----> Installing python-3.6.10
remote: -----> Installing pip
remote: -----> Installing SQLite3
remote: Sqlite3 successfully installed.
remote: -----> Installing requirements with pip
remote:        Collecting asgiref==3.2.7
remote:          Downloading asgiref-3.2.7-py2.py3-none-any.whl (19 kB)
remote:        Collecting certifi==2019.11.28
remote:          Downloading certifi-2019.11.28-py2.py3-none-any.whl (156 kB)
remote:        Collecting chardet==3.0.4
remote:          Downloading chardet-3.0.4-py2.py3-none-any.whl (133 kB)
remote:        Collecting Click==7.0
remote:          Downloading Click-7.0-py2.py3-none-any.whl (81 kB)
remote:        Collecting Django==3.0.5
remote:          Downloading Django-3.0.5-py3-none-any.whl (7.5 MB)
remote:        Collecting django-crispy-forms==1.9.0
remote:          Downloading django_crispy_forms-1.9.0-py2.py3-none-any.whl (107 kB)
remote:        Collecting Flask==1.1.1
remote:          Downloading Flask-1.1.1-py2.py3-none-any.whl (94 kB)
remote:        Collecting gunicorn==20.0.4
remote:          Downloading gunicorn-20.0.4-py2.py3-none-any.whl (77 kB)
remote:        Collecting idna==2.9
remote:          Downloading idna-2.9-py2.py3-none-any.whl (58 kB)
remote:        Collecting inflection==0.3.1
remote:          Downloading inflection-0.3.1.tar.gz (8.7 kB)
remote:        Collecting itsdangerous==1.1.0
remote:          Downloading itsdangerous-1.1.0-py2.py3-none-any.whl (16 kB)
remote:        Collecting Jinja2==2.11.1
remote:          Downloading Jinja2-2.11.1-py2.py3-none-any.whl (126 kB)
remote:        Collecting joblib==0.14.1
remote:          Downloading joblib-0.14.1-py2.py3-none-any.whl (294 kB)
remote:        Collecting MarkupSafe==1.1.1
remote:          Downloading MarkupSafe-1.1.1-cp36-cp36m-manylinux1_x86_64.whl (27 kB)
remote:        Collecting more-itertools==8.2.0
remote:          Downloading more_itertools-8.2.0-py3-none-any.whl (43 kB)
remote:        Collecting numpy==1.18.1
remote:          Downloading numpy-1.18.1-cp36-cp36m-manylinux1_x86_64.whl (20.1 MB)
remote:        Collecting pandas==1.0.1
remote:          Downloading pandas-1.0.1-cp36-cp36m-manylinux1_x86_64.whl (10.1 MB)
remote:        Collecting Pillow==7.1.1
remote:          Downloading Pillow-7.1.1-cp36-cp36m-manylinux1_x86_64.whl (2.1 MB)
remote:        Collecting python-dateutil==2.8.1
remote:          Downloading python_dateutil-2.8.1-py2.py3-none-any.whl (227 kB)
remote:        Collecting pytz==2019.3
remote:          Downloading pytz-2019.3-py2.py3-none-any.whl (509 kB)
remote:        Collecting PyYAML==5.3
remote:          Downloading PyYAML-5.3.tar.gz (268 kB)
remote:        Collecting Quandl==3.5.0
remote:          Downloading Quandl-3.5.0-py2.py3-none-any.whl (25 kB)
remote:        Collecting requests==2.23.0
remote:          Downloading requests-2.23.0-py2.py3-none-any.whl (58 kB)
remote:        Collecting scikit-learn==0.22.2.post1
remote:          Downloading scikit_learn-0.22.2.post1-cp36-cp36m-manylinux1_x86_64.whl (7.1 MB)
remote:        Collecting scipy==1.4.1
remote:          Downloading scipy-1.4.1-cp36-cp36m-manylinux1_x86_64.whl (26.1 MB)
remote:        Collecting six==1.14.0
remote:          Downloading six-1.14.0-py2.py3-none-any.whl (10 kB)
remote:        Collecting sklearn==0.0
remote:          Downloading sklearn-0.0.tar.gz (1.1 kB)
remote:        Collecting sqlparse==0.3.1
remote:          Downloading sqlparse-0.3.1-py2.py3-none-any.whl (40 kB)
remote:        Collecting urllib3==1.25.8
remote:          Downloading urllib3-1.25.8-py2.py3-none-any.whl (125 kB)
remote:        Collecting Werkzeug==1.0.0
remote:          Downloading Werkzeug-1.0.0-py2.py3-none-any.whl (298 kB)
remote:        Building wheels for collected packages: inflection, PyYAML, sklearn
remote:          Building wheel for inflection (setup.py): started
remote:          Building wheel for inflection (setup.py): finished with status 'done'
remote:          Created wheel for inflection: filename=inflection-0.3.1-py3-none-any.whl size=6075 sha256=09479115cc71d1e1443638b57a62f30e74c1f973793c653db52484802865604e
remote:          Stored in directory: /tmp/pip-ephem-wheel-cache-1y1ope8p/wheels/20/80/0f/19bee3c7f2cf5ca41fcc9cdc8ed94c88b9946872651cb5ee91
remote:          Building wheel for PyYAML (setup.py): started
remote:          Building wheel for PyYAML (setup.py): finished with status 'done'
remote:          Created wheel for PyYAML: filename=PyYAML-5.3-cp36-cp36m-linux_x86_64.whl size=401760 sha256=477c9a40836855faf191044db09add0016f65f6bce2366eac4e118c797512e85
remote:          Stored in directory: /tmp/pip-ephem-wheel-cache-1y1ope8p/wheels/b1/86/0d/10e6c39d3a2b85ba807d7657ee80f08cc16c03f2aa2adf8e46
remote:          Building wheel for sklearn (setup.py): started
remote:          Building wheel for sklearn (setup.py): finished with status 'done'
remote:          Created wheel for sklearn: filename=sklearn-0.0-py2.py3-none-any.whl size=1315 sha256=aebf3058c5d71d95fd0cfa9427a8585733472d10c0d116a44928f169e453953e
remote:          Stored in directory: /tmp/pip-ephem-wheel-cache-1y1ope8p/wheels/23/9d/42/5ec745cbbb17517000a53cecc49d6a865450d1f5cb16dc8a9c
remote:        Successfully built inflection PyYAML sklearn
remote:        Installing collected packages: asgiref, certifi, chardet, Click, sqlparse, pytz, Django, django-crispy-forms, Werkzeug, itsdangerous, MarkupSafe, Jinja2, Flask, gunicorn, idna, inflection, joblib, more-itertools, numpy, six, python-dateutil, pandas, Pillow, PyYAML, urllib3, requests, Quandl, scipy, scikit-learn, sklearn
remote:        Successfully installed Click-7.0 Django-3.0.5 Flask-1.1.1 Jinja2-2.11.1 MarkupSafe-1.1.1 Pillow-7.1.1 PyYAML-5.3 Quandl-3.5.0 Werkzeug-1.0.0 asgiref-3.2.7 certifi-2019.11.28 chardet-3.0.4 django-crispy-forms-1.9.0 gunicorn-20.0.4 idna-2.9 inflection-0.3.1 itsdangerous-1.1.0 joblib-0.14.1 more-itertools-8.2.0 numpy-1.18.1 pandas-1.0.1 python-dateutil-2.8.1 pytz-2019.3 requests-2.23.0 scikit-learn-0.22.2.post1 scipy-1.4.1 six-1.14.0 sklearn-0.0 sqlparse-0.3.1 urllib3-1.25.8
remote: -----> $ python manage.py collectstatic --noinput
remote:        131 static files copied to '/tmp/build_46391a66b672022ef300d6b8f488c9f2/staticfiles'.
remote:
remote: -----> Discovering process types
remote:        Procfile declares types -> web
remote:
remote: -----> Compressing...
remote:        Done: 129.9M
remote: -----> Launching...
remote:        Released v6
remote:        https://djangoprojectweb.herokuapp.com/ deployed to Heroku
remote:
remote: Verifying deploy... done.
To https://git.heroku.com/djangoprojectweb.git
   044e8e8..154346c  master -> master

C:\Users\SadeedBari\Documents\djangoweb\django_project>python
Python 3.8.1 (tags/v3.8.1:1b293b6, Dec 18 2019, 22:39:24) [MSC v.1916 32 bit (Intel)] on win32
Setting DJANGO_SECRET_KEY and restarting ⬢ djangoprojectweb... done, v7
DJANGO_SECRET_KEY: a4***********************************63
>>> secrets.token_hex(24)
Setting DJANGO_DEBUG and restarting ⬢ djangoprojectweb... done, v8
DJANGO_DEBUG: True
C:\Users\SadeedBari\Documents\djangoweb\django_project>
Setting EMAIL_USER and restarting ⬢ djangoprojectweb... done, v9
EMAIL_USER: sadeedbari@gmail.com
C:\Users\SadeedBari\Documents\djangoweb\django_project>
Setting EMAIL_PASS and restarting ⬢ djangoprojectweb... done, v10
EMAIL_PASS: F**********4!
C:\Users\SadeedBari\Documents\djangoweb\django_project>
C:\Users\SadeedBari\Documents\djangoweb\django_project>                                            il.com"
C:\Users\SadeedBari\Documents\djangoweb\django_project>
C:\Users\SadeedBari\Documents\djangoweb\django_project>heroku config:set EMAIL_PASS="F**********4!"
C:\Users\SadeedBari\Documents\djangoweb\django_project>
C:\Users\SadeedBari\Documents\djangoweb\django_project>git status
On branch master
Changes not staged for commit:
  (use "git add <file>..." to update what will be committed)
  (use "git restore <file>..." to discard changes in working directory)
        modified:   django_project/settings.py

no changes added to commit (use "git add" and/or "git commit -a")

C:\Users\SadeedBari\Documents\djangoweb\django_project>git add .

C:\Users\SadeedBari\Documents\djangoweb\django_project>git commit -m "updated settings with local vars"
[master 020b04f] updated settings with local vars
 1 file changed, 3 insertions(+), 2 deletions(-)

C:\Users\SadeedBari\Documents\djangoweb\django_project>git push heroku master
Enumerating objects: 7, done.
Counting objects: 100% (7/7), done.
Delta compression using up to 8 threads
Compressing objects: 100% (4/4), done.
Writing objects: 100% (4/4), 448 bytes | 149.00 KiB/s, done.
Total 4 (delta 3), reused 0 (delta 0)
remote: Compressing source files... done.
remote: Building source:
remote:
remote: -----> Python app detected
remote: -----> Installing SQLite3
remote: Sqlite3 successfully installed.
remote: -----> Installing requirements with pip
remote: -----> $ python manage.py collectstatic --noinput
remote:        131 static files copied to '/tmp/build_5eb6f697111e789cd5604349703a7c6e/staticfiles'.
remote:
remote: -----> Discovering process types
remote:        Procfile declares types -> web
remote:
remote: -----> Compressing...
remote:        Done: 130M
remote: -----> Launching...
remote:        Released v11
remote:        https://djangoprojectweb.herokuapp.com/ deployed to Heroku
remote:
remote: Verifying deploy... done.
To https://git.heroku.com/djangoprojectweb.git
   154346c..020b04f  master -> master

C:\Users\SadeedBari\Documents\djangoweb\django_project>heroku addons

Add-on                                         Plan       Price  State
─────────────────────────────────────────────  ─────────  ─────  ───────
heroku-postgresql (postgresql-vertical-48758)  hobby-dev  free   created
 └─ as DATABASE

The table above shows add-ons and the attachments to the current app (djangoprojectweb) or other apps.


C:\Users\SadeedBari\Documents\djangoweb\django_project>heroku pg
=== DATABASE_URL
Plan:                  Hobby-dev
Status:                Available
Connections:           0/20
PG Version:            12.2
Created:               2020-04-12 22:29 UTC
Data Size:             7.9 MB
Tables:                0
Rows:                  0/10000 (In compliance)
Fork/Follow:           Unsupported
Rollback:              Unsupported
Continuous Protection: Off
Add-on:                postgresql-vertical-48758


C:\Users\SadeedBari\Documents\djangoweb\django_project>pip install django-heroku
Collecting django-heroku
  Downloading django_heroku-0.3.1-py2.py3-none-any.whl (6.2 kB)
Requirement already satisfied: django in c:\users\sadeedbari\appdata\local\programs\python\python38-32\lib\site-packages (from django-heroku) (3.0.5)
Collecting psycopg2
  Downloading psycopg2-2.8.5-cp38-cp38-win32.whl (986 kB)
     |████████████████████████████████| 986 kB 3.3 MB/s
Collecting whitenoise
  Downloading whitenoise-5.0.1-py2.py3-none-any.whl (20 kB)
Collecting dj-database-url>=0.5.0
  Downloading dj_database_url-0.5.0-py2.py3-none-any.whl (5.5 kB)
Requirement already satisfied: asgiref~=3.2 in c:\users\sadeedbari\appdata\local\programs\python\python38-32\lib\site-packages (from django->django-heroku) (3.2.7)
Requirement already satisfied: pytz in c:\users\sadeedbari\appdata\local\programs\python\python38-32\lib\site-packages (from django->django-heroku) (2019.3)
Requirement already satisfied: sqlparse>=0.2.2 in c:\users\sadeedbari\appdata\local\programs\python\python38-32\lib\site-packages (from django->django-heroku) (0.3.1)
Installing collected packages: psycopg2, whitenoise, dj-database-url, django-heroku
Successfully installed dj-database-url-0.5.0 django-heroku-0.3.1 psycopg2-2.8.5 whitenoise-5.0.1

C:\Users\SadeedBari\Documents\djangoweb\django_project>pip freeze
asgiref==3.2.7
certifi==2019.11.28
chardet==3.0.4
Click==7.0
dj-database-url==0.5.0
Django==3.0.5
django-crispy-forms==1.9.0
django-heroku==0.3.1
Flask==1.1.1
gunicorn==20.0.4
idna==2.9
inflection==0.3.1
itsdangerous==1.1.0
Jinja2==2.11.1
joblib==0.14.1
MarkupSafe==1.1.1
more-itertools==8.2.0
numpy==1.18.1
pandas==1.0.1
Pillow==7.1.1
psycopg2==2.8.5
python-dateutil==2.8.1
pytz==2019.3
PyYAML==5.3
Quandl==3.5.0
requests==2.23.0
scikit-learn==0.22.2.post1
scipy==1.4.1
six==1.14.0
sklearn==0.0
sqlparse==0.3.1
urllib3==1.25.8
Werkzeug==1.0.0
whitenoise==5.0.1

C:\Users\SadeedBari\Documents\djangoweb\django_project>git status
On branch master
Changes not staged for commit:
  (use "git add <file>..." to update what will be committed)
  (use "git restore <file>..." to discard changes in working directory)
        modified:   django_project/settings.py
        modified:   requirements.txt

no changes added to commit (use "git add" and/or "git commit -a")

C:\Users\SadeedBari\Documents\djangoweb\django_project>git add .

C:\Users\SadeedBari\Documents\djangoweb\django_project>git commit -m "added django-heroku"
[master f70bd08] added django-heroku
 2 files changed, 8 insertions(+), 1 deletion(-)

C:\Users\SadeedBari\Documents\djangoweb\django_project>git push heroku master
Enumerating objects: 9, done.
Counting objects: 100% (9/9), done.
Delta compression using up to 8 threads
Compressing objects: 100% (5/5), done.
Writing objects: 100% (5/5), 541 bytes | 541.00 KiB/s, done.
Total 5 (delta 4), reused 0 (delta 0)
remote: Compressing source files... done.
remote: Building source:
remote:
remote: -----> Python app detected
remote: -----> Clearing cached dependencies
remote: -----> Installing python-3.6.10
remote: -----> Installing pip
remote: -----> Installing SQLite3
remote: Sqlite3 successfully installed.
remote: -----> Installing requirements with pip
remote:        Collecting asgiref==3.2.7
remote:          Downloading asgiref-3.2.7-py2.py3-none-any.whl (19 kB)
remote:        Collecting certifi==2019.11.28
remote:          Downloading certifi-2019.11.28-py2.py3-none-any.whl (156 kB)
remote:        Collecting chardet==3.0.4
remote:          Downloading chardet-3.0.4-py2.py3-none-any.whl (133 kB)
remote:        Collecting Click==7.0
remote:          Downloading Click-7.0-py2.py3-none-any.whl (81 kB)
remote:        Collecting dj-database-url==0.5.0
remote:          Downloading dj_database_url-0.5.0-py2.py3-none-any.whl (5.5 kB)
remote:        Collecting Django==3.0.5
remote:          Downloading Django-3.0.5-py3-none-any.whl (7.5 MB)
remote:        Collecting django-crispy-forms==1.9.0
remote:          Downloading django_crispy_forms-1.9.0-py2.py3-none-any.whl (107 kB)
remote:        Collecting django-heroku==0.3.1
remote:          Downloading django_heroku-0.3.1-py2.py3-none-any.whl (6.2 kB)
remote:        Collecting Flask==1.1.1
remote:          Downloading Flask-1.1.1-py2.py3-none-any.whl (94 kB)
remote:        Collecting gunicorn==20.0.4
remote:          Downloading gunicorn-20.0.4-py2.py3-none-any.whl (77 kB)
remote:        Collecting idna==2.9
remote:          Downloading idna-2.9-py2.py3-none-any.whl (58 kB)
remote:        Collecting inflection==0.3.1
remote:          Downloading inflection-0.3.1.tar.gz (8.7 kB)
remote:        Collecting itsdangerous==1.1.0
remote:          Downloading itsdangerous-1.1.0-py2.py3-none-any.whl (16 kB)
remote:        Collecting Jinja2==2.11.1
remote:          Downloading Jinja2-2.11.1-py2.py3-none-any.whl (126 kB)
remote:        Collecting joblib==0.14.1
remote:          Downloading joblib-0.14.1-py2.py3-none-any.whl (294 kB)
remote:        Collecting MarkupSafe==1.1.1
remote:          Downloading MarkupSafe-1.1.1-cp36-cp36m-manylinux1_x86_64.whl (27 kB)
remote:        Collecting more-itertools==8.2.0
remote:          Downloading more_itertools-8.2.0-py3-none-any.whl (43 kB)
remote:        Collecting numpy==1.18.1
remote:          Downloading numpy-1.18.1-cp36-cp36m-manylinux1_x86_64.whl (20.1 MB)
remote:        Collecting pandas==1.0.1
remote:          Downloading pandas-1.0.1-cp36-cp36m-manylinux1_x86_64.whl (10.1 MB)
remote:        Collecting Pillow==7.1.1
remote:          Downloading Pillow-7.1.1-cp36-cp36m-manylinux1_x86_64.whl (2.1 MB)
remote:        Collecting psycopg2==2.8.5
remote:          Downloading psycopg2-2.8.5.tar.gz (380 kB)
remote:        Collecting python-dateutil==2.8.1
remote:          Downloading python_dateutil-2.8.1-py2.py3-none-any.whl (227 kB)
remote:        Collecting pytz==2019.3
remote:          Downloading pytz-2019.3-py2.py3-none-any.whl (509 kB)
remote:        Collecting PyYAML==5.3
remote:          Downloading PyYAML-5.3.tar.gz (268 kB)
remote:        Collecting Quandl==3.5.0
remote:          Downloading Quandl-3.5.0-py2.py3-none-any.whl (25 kB)
remote:        Collecting requests==2.23.0
remote:          Downloading requests-2.23.0-py2.py3-none-any.whl (58 kB)
remote:        Collecting scikit-learn==0.22.2.post1
remote:          Downloading scikit_learn-0.22.2.post1-cp36-cp36m-manylinux1_x86_64.whl (7.1 MB)
remote:        Collecting scipy==1.4.1
remote:          Downloading scipy-1.4.1-cp36-cp36m-manylinux1_x86_64.whl (26.1 MB)
remote:        Collecting six==1.14.0
remote:          Downloading six-1.14.0-py2.py3-none-any.whl (10 kB)
remote:        Collecting sklearn==0.0
remote:          Downloading sklearn-0.0.tar.gz (1.1 kB)
remote:        Collecting sqlparse==0.3.1
remote:          Downloading sqlparse-0.3.1-py2.py3-none-any.whl (40 kB)
remote:        Collecting urllib3==1.25.8
remote:          Downloading urllib3-1.25.8-py2.py3-none-any.whl (125 kB)
remote:        Collecting Werkzeug==1.0.0
remote:          Downloading Werkzeug-1.0.0-py2.py3-none-any.whl (298 kB)
remote:        Collecting whitenoise==5.0.1
remote:          Downloading whitenoise-5.0.1-py2.py3-none-any.whl (20 kB)
remote:        Building wheels for collected packages: inflection, psycopg2, PyYAML, sklearn
remote:          Building wheel for inflection (setup.py): started
remote:          Building wheel for inflection (setup.py): finished with status 'done'
remote:          Created wheel for inflection: filename=inflection-0.3.1-py3-none-any.whl size=6075 sha256=b77ad3f7f53ae3223548e3dd0c887776bd44d68c10035f6e952ed8fd79be9e49
remote:          Stored in directory: /tmp/pip-ephem-wheel-cache-7mlih647/wheels/20/80/0f/19bee3c7f2cf5ca41fcc9cdc8ed94c88b9946872651cb5ee91
remote:          Building wheel for psycopg2 (setup.py): started
remote:          Building wheel for psycopg2 (setup.py): finished with status 'done'
remote:          Created wheel for psycopg2: filename=psycopg2-2.8.5-cp36-cp36m-linux_x86_64.whl size=447302 sha256=2e90a178b63f5ffbd35573bdd7e99ff16a625faca1b14417ff3cfd81b59eee97
remote:          Stored in directory: /tmp/pip-ephem-wheel-cache-7mlih647/wheels/52/9a/ab/22a0d1dc560ad5c0d09cc1c968015f89726e7e01c190dee110
remote:          Building wheel for PyYAML (setup.py): started
remote:          Building wheel for PyYAML (setup.py): finished with status 'done'
remote:          Created wheel for PyYAML: filename=PyYAML-5.3-cp36-cp36m-linux_x86_64.whl size=401770 sha256=2b5b11b975a9c948f3f3fcdef332a181c8f55d4d7d145ad2138faa1ade1a12f6
remote:          Stored in directory: /tmp/pip-ephem-wheel-cache-7mlih647/wheels/b1/86/0d/10e6c39d3a2b85ba807d7657ee80f08cc16c03f2aa2adf8e46
remote:          Building wheel for sklearn (setup.py): started
remote:          Building wheel for sklearn (setup.py): finished with status 'done'
remote:          Created wheel for sklearn: filename=sklearn-0.0-py2.py3-none-any.whl size=1315 sha256=fd76362a449061d66eb087b12344844ca9e7eed4d3c3ea9146244db4152c7a89
remote:          Stored in directory: /tmp/pip-ephem-wheel-cache-7mlih647/wheels/23/9d/42/5ec745cbbb17517000a53cecc49d6a865450d1f5cb16dc8a9c
remote:        Successfully built inflection psycopg2 PyYAML sklearn
remote:        Installing collected packages: asgiref, certifi, chardet, Click, dj-database-url, sqlparse, pytz, Django, django-crispy-forms, psycopg2, whitenoise, django-heroku, Werkzeug, MarkupSafe, Jinja2, itsdangerous, Flask, gunicorn, idna, inflection, joblib, more-itertools, numpy, six, python-dateutil, pandas, Pillow, PyYAML, urllib3, requests, Quandl, scipy, scikit-learn, sklearn
remote:        Successfully installed Click-7.0 Django-3.0.5 Flask-1.1.1 Jinja2-2.11.1 MarkupSafe-1.1.1 Pillow-7.1.1 PyYAML-5.3 Quandl-3.5.0 Werkzeug-1.0.0 asgiref-3.2.7 certifi-2019.11.28 chardet-3.0.4 dj-database-url-0.5.0 django-crispy-forms-1.9.0 django-heroku-0.3.1 gunicorn-20.0.4 idna-2.9 inflection-0.3.1 itsdangerous-1.1.0 joblib-0.14.1 more-itertools-8.2.0 numpy-1.18.1 pandas-1.0.1 psycopg2-2.8.5 python-dateutil-2.8.1 pytz-2019.3 requests-2.23.0 scikit-learn-0.22.2.post1 scipy-1.4.1 six-1.14.0 sklearn-0.0 sqlparse-0.3.1 urllib3-1.25.8 whitenoise-5.0.1
remote: -----> $ python manage.py collectstatic --noinput
remote:        131 static files copied to '/tmp/build_8cfe54345e3b535b782a241c1b65b4b4/staticfiles', 415 post-processed.
remote:
remote: -----> Discovering process types
remote:        Procfile declares types -> web
remote:
remote: -----> Compressing...
remote:        Done: 131.5M
remote: -----> Launching...
remote:        Released v12
remote:        https://djangoprojectweb.herokuapp.com/ deployed to Heroku
remote:
remote: Verifying deploy... done.
To https://git.heroku.com/djangoprojectweb.git
   020b04f..f70bd08  master -> master

Creating ⬢ djangoprojectapp... !
 !    Name djangoprojectapp is already taken

C:\Users\SadeedBari\Documents\djangoweb\django_project>heroku open

C:\Users\SadeedBari\Documents\djangoweb\django_project>git add .

C:\Users\SadeedBari\Documents\djangoweb\django_project>git commit -m "added secret key"
[master 78aaa66] added secret key
 1 file changed, 1 insertion(+), 1 deletion(-)

C:\Users\SadeedBari\Documents\djangoweb\django_project>git push heroku master
fatal: unable to access 'https://git.heroku.com/djangoprojectweb.git/': Could not resolve host: git.heroku.com

C:\Users\SadeedBari\Documents\djangoweb\django_project>git push heroku master
Enumerating objects: 7, done.
Counting objects: 100% (7/7), done.
Delta compression using up to 8 threads
Compressing objects: 100% (4/4), done.
Writing objects: 100% (4/4), 403 bytes | 403.00 KiB/s, done.
Total 4 (delta 3), reused 0 (delta 0)
remote: Compressing source files... done.
remote: Building source:
remote:
remote: -----> Python app detected
remote: -----> Clearing cached dependencies
remote: -----> Installing python-3.6.10
remote: -----> Installing pip
remote: -----> Installing SQLite3
remote: Sqlite3 successfully installed.
remote: -----> Installing requirements with pip
remote:        Collecting asgiref==3.2.7
remote:          Downloading asgiref-3.2.7-py2.py3-none-any.whl (19 kB)
remote:        Collecting certifi==2019.11.28
remote:          Downloading certifi-2019.11.28-py2.py3-none-any.whl (156 kB)
remote:        Collecting chardet==3.0.4
remote:          Downloading chardet-3.0.4-py2.py3-none-any.whl (133 kB)
remote:        Collecting Click==7.0
remote:          Downloading Click-7.0-py2.py3-none-any.whl (81 kB)
remote:        Collecting dj-database-url==0.5.0
remote:          Downloading dj_database_url-0.5.0-py2.py3-none-any.whl (5.5 kB)
remote:        Collecting Django==3.0.5
remote:          Downloading Django-3.0.5-py3-none-any.whl (7.5 MB)
remote:        Collecting django-crispy-forms==1.9.0
remote:          Downloading django_crispy_forms-1.9.0-py2.py3-none-any.whl (107 kB)
remote:        Collecting django-heroku==0.3.1
remote:          Downloading django_heroku-0.3.1-py2.py3-none-any.whl (6.2 kB)
remote:        Collecting Flask==1.1.1
remote:          Downloading Flask-1.1.1-py2.py3-none-any.whl (94 kB)
remote:        Collecting gunicorn==20.0.4
remote:          Downloading gunicorn-20.0.4-py2.py3-none-any.whl (77 kB)
remote:        Collecting idna==2.9
remote:          Downloading idna-2.9-py2.py3-none-any.whl (58 kB)
remote:        Collecting inflection==0.3.1
remote:          Downloading inflection-0.3.1.tar.gz (8.7 kB)
remote:        Collecting itsdangerous==1.1.0
remote:          Downloading itsdangerous-1.1.0-py2.py3-none-any.whl (16 kB)
remote:        Collecting Jinja2==2.11.1
remote:          Downloading Jinja2-2.11.1-py2.py3-none-any.whl (126 kB)
remote:        Collecting joblib==0.14.1
remote:          Downloading joblib-0.14.1-py2.py3-none-any.whl (294 kB)
remote:        Collecting MarkupSafe==1.1.1
remote:          Downloading MarkupSafe-1.1.1-cp36-cp36m-manylinux1_x86_64.whl (27 kB)
remote:        Collecting more-itertools==8.2.0
remote:          Downloading more_itertools-8.2.0-py3-none-any.whl (43 kB)
remote:        Collecting numpy==1.18.1
remote:          Downloading numpy-1.18.1-cp36-cp36m-manylinux1_x86_64.whl (20.1 MB)
remote:        Collecting pandas==1.0.1
remote:          Downloading pandas-1.0.1-cp36-cp36m-manylinux1_x86_64.whl (10.1 MB)
remote:        Collecting Pillow==7.1.1
remote:          Downloading Pillow-7.1.1-cp36-cp36m-manylinux1_x86_64.whl (2.1 MB)
remote:        Collecting psycopg2==2.8.5
remote:          Downloading psycopg2-2.8.5.tar.gz (380 kB)
remote:        Collecting python-dateutil==2.8.1
remote:          Downloading python_dateutil-2.8.1-py2.py3-none-any.whl (227 kB)
remote:        Collecting pytz==2019.3
remote:          Downloading pytz-2019.3-py2.py3-none-any.whl (509 kB)
remote:        Collecting PyYAML==5.3
remote:          Downloading PyYAML-5.3.tar.gz (268 kB)
remote:        Collecting Quandl==3.5.0
remote:          Downloading Quandl-3.5.0-py2.py3-none-any.whl (25 kB)
remote:        Collecting requests==2.23.0
remote:          Downloading requests-2.23.0-py2.py3-none-any.whl (58 kB)
remote:        Collecting scikit-learn==0.22.2.post1
remote:          Downloading scikit_learn-0.22.2.post1-cp36-cp36m-manylinux1_x86_64.whl (7.1 MB)
remote:        Collecting scipy==1.4.1
remote:          Downloading scipy-1.4.1-cp36-cp36m-manylinux1_x86_64.whl (26.1 MB)
remote:        Collecting six==1.14.0
remote:          Downloading six-1.14.0-py2.py3-none-any.whl (10 kB)
remote:        Collecting sklearn==0.0
remote:          Downloading sklearn-0.0.tar.gz (1.1 kB)
remote:        Collecting sqlparse==0.3.1
remote:          Downloading sqlparse-0.3.1-py2.py3-none-any.whl (40 kB)
remote:        Collecting urllib3==1.25.8
remote:          Downloading urllib3-1.25.8-py2.py3-none-any.whl (125 kB)
remote:        Collecting Werkzeug==1.0.0
remote:          Downloading Werkzeug-1.0.0-py2.py3-none-any.whl (298 kB)
remote:        Collecting whitenoise==5.0.1
remote:          Downloading whitenoise-5.0.1-py2.py3-none-any.whl (20 kB)
remote:        Building wheels for collected packages: inflection, psycopg2, PyYAML, sklearn
remote:          Building wheel for inflection (setup.py): started
remote:          Building wheel for inflection (setup.py): finished with status 'done'
remote:          Created wheel for inflection: filename=inflection-0.3.1-py3-none-any.whl size=6075 sha256=37b94ca295b95baac3d63094acb733f3277ba9639e8142bd620793f703d0cd2c
remote:          Stored in directory: /tmp/pip-ephem-wheel-cache-7o0oosru/wheels/20/80/0f/19bee3c7f2cf5ca41fcc9cdc8ed94c88b9946872651cb5ee91
remote:          Building wheel for psycopg2 (setup.py): started
remote:          Building wheel for psycopg2 (setup.py): finished with status 'done'
remote:          Created wheel for psycopg2: filename=psycopg2-2.8.5-cp36-cp36m-linux_x86_64.whl size=447292 sha256=51bf198297359977234337bd017c31fa61407365bd19ca70d3006db60304f198
remote:          Stored in directory: /tmp/pip-ephem-wheel-cache-7o0oosru/wheels/52/9a/ab/22a0d1dc560ad5c0d09cc1c968015f89726e7e01c190dee110
remote:          Building wheel for PyYAML (setup.py): started
remote:          Building wheel for PyYAML (setup.py): finished with status 'done'
remote:          Created wheel for PyYAML: filename=PyYAML-5.3-cp36-cp36m-linux_x86_64.whl size=401780 sha256=caeb955d906877ba50289d929639b922efecd5252d20b542e3884a13a9f24ca0
remote:          Stored in directory: /tmp/pip-ephem-wheel-cache-7o0oosru/wheels/b1/86/0d/10e6c39d3a2b85ba807d7657ee80f08cc16c03f2aa2adf8e46
remote:          Building wheel for sklearn (setup.py): started
remote:          Building wheel for sklearn (setup.py): finished with status 'done'
remote:          Created wheel for sklearn: filename=sklearn-0.0-py2.py3-none-any.whl size=1315 sha256=f71145d20ff701dc51284137fb090d3a48857929da36cd0a0dcbe7cf8b94ae55
remote:          Stored in directory: /tmp/pip-ephem-wheel-cache-7o0oosru/wheels/23/9d/42/5ec745cbbb17517000a53cecc49d6a865450d1f5cb16dc8a9c
remote:        Successfully built inflection psycopg2 PyYAML sklearn
remote:        Installing collected packages: asgiref, certifi, chardet, Click, dj-database-url, pytz, sqlparse, Django, django-crispy-forms, whitenoise, psycopg2, django-heroku, Werkzeug, MarkupSafe, Jinja2, itsdangerous, Flask, gunicorn, idna, inflection, joblib, more-itertools, numpy, six, python-dateutil, pandas, Pillow, PyYAML, urllib3, requests, Quandl, scipy, scikit-learn, sklearn
remote:        Successfully installed Click-7.0 Django-3.0.5 Flask-1.1.1 Jinja2-2.11.1 MarkupSafe-1.1.1 Pillow-7.1.1 PyYAML-5.3 Quandl-3.5.0 Werkzeug-1.0.0 asgiref-3.2.7 certifi-2019.11.28 chardet-3.0.4 dj-database-url-0.5.0 django-crispy-forms-1.9.0 django-heroku-0.3.1 gunicorn-20.0.4 idna-2.9 inflection-0.3.1 itsdangerous-1.1.0 joblib-0.14.1 more-itertools-8.2.0 numpy-1.18.1 pandas-1.0.1 psycopg2-2.8.5 python-dateutil-2.8.1 pytz-2019.3 requests-2.23.0 scikit-learn-0.22.2.post1 scipy-1.4.1 six-1.14.0 sklearn-0.0 sqlparse-0.3.1 urllib3-1.25.8 whitenoise-5.0.1
remote: -----> $ python manage.py collectstatic --noinput
remote:        131 static files copied to '/tmp/build_0607517b4699743e64a70fb2b4ef299a/staticfiles', 415 post-processed.
remote:
remote: -----> Discovering process types
remote:        Procfile declares types -> web
remote:
remote: -----> Compressing...
remote:        Done: 131.7M
remote: -----> Launching...
remote:        Released v13
remote:        https://djangoprojectweb.herokuapp.com/ deployed to Heroku
remote:
remote: Verifying deploy... done.
To https://git.heroku.com/djangoprojectweb.git
   f70bd08..78aaa66  master -> master

C:\Users\SadeedBari\Documents\djangoweb\django_project>heroku open

C:\Users\SadeedBari\Documents\djangoweb\django_project>git add .

C:\Users\SadeedBari\Documents\djangoweb\django_project>git commit -m ""
Aborting commit due to empty commit message.

C:\Users\SadeedBari\Documents\djangoweb\django_project>git commit -m "temp remove allowedURL"
[master 8eec49f] temp remove allowedURL
 1 file changed, 1 insertion(+), 1 deletion(-)

C:\Users\SadeedBari\Documents\djangoweb\django_project>git push heroku master
Enumerating objects: 7, done.
Counting objects: 100% (7/7), done.
Delta compression using up to 8 threads
Compressing objects: 100% (4/4), done.
Writing objects: 100% (4/4), 369 bytes | 369.00 KiB/s, done.
Total 4 (delta 3), reused 0 (delta 0)
remote: Compressing source files... done.
remote: Building source:
remote:
remote: -----> Python app detected
remote: -----> Clearing cached dependencies
remote: -----> Installing python-3.6.10
remote: -----> Installing pip
remote: -----> Installing SQLite3
remote: Sqlite3 successfully installed.
remote: -----> Installing requirements with pip
remote:        Collecting asgiref==3.2.7
remote:          Downloading asgiref-3.2.7-py2.py3-none-any.whl (19 kB)
remote:        Collecting certifi==2019.11.28
remote:          Downloading certifi-2019.11.28-py2.py3-none-any.whl (156 kB)
remote:        Collecting chardet==3.0.4
remote:          Downloading chardet-3.0.4-py2.py3-none-any.whl (133 kB)
remote:        Collecting Click==7.0
remote:          Downloading Click-7.0-py2.py3-none-any.whl (81 kB)
remote:        Collecting dj-database-url==0.5.0
remote:          Downloading dj_database_url-0.5.0-py2.py3-none-any.whl (5.5 kB)
remote:        Collecting Django==3.0.5
remote:          Downloading Django-3.0.5-py3-none-any.whl (7.5 MB)
remote:        Collecting django-crispy-forms==1.9.0
remote:          Downloading django_crispy_forms-1.9.0-py2.py3-none-any.whl (107 kB)
remote:        Collecting django-heroku==0.3.1
remote:          Downloading django_heroku-0.3.1-py2.py3-none-any.whl (6.2 kB)
remote:        Collecting Flask==1.1.1
remote:          Downloading Flask-1.1.1-py2.py3-none-any.whl (94 kB)
remote:        Collecting gunicorn==20.0.4
remote:          Downloading gunicorn-20.0.4-py2.py3-none-any.whl (77 kB)
remote:        Collecting idna==2.9
remote:          Downloading idna-2.9-py2.py3-none-any.whl (58 kB)
remote:        Collecting inflection==0.3.1
remote:          Downloading inflection-0.3.1.tar.gz (8.7 kB)
remote:        Collecting itsdangerous==1.1.0
remote:          Downloading itsdangerous-1.1.0-py2.py3-none-any.whl (16 kB)
remote:        Collecting Jinja2==2.11.1
remote:          Downloading Jinja2-2.11.1-py2.py3-none-any.whl (126 kB)
remote:        Collecting joblib==0.14.1
remote:          Downloading joblib-0.14.1-py2.py3-none-any.whl (294 kB)
remote:        Collecting MarkupSafe==1.1.1
remote:          Downloading MarkupSafe-1.1.1-cp36-cp36m-manylinux1_x86_64.whl (27 kB)
remote:        Collecting more-itertools==8.2.0
remote:          Downloading more_itertools-8.2.0-py3-none-any.whl (43 kB)
remote:        Collecting numpy==1.18.1
remote:          Downloading numpy-1.18.1-cp36-cp36m-manylinux1_x86_64.whl (20.1 MB)
remote:        Collecting pandas==1.0.1
remote:          Downloading pandas-1.0.1-cp36-cp36m-manylinux1_x86_64.whl (10.1 MB)
remote:        Collecting Pillow==7.1.1
remote:          Downloading Pillow-7.1.1-cp36-cp36m-manylinux1_x86_64.whl (2.1 MB)
remote:        Collecting psycopg2==2.8.5
remote:          Downloading psycopg2-2.8.5.tar.gz (380 kB)
remote:        Collecting python-dateutil==2.8.1
remote:          Downloading python_dateutil-2.8.1-py2.py3-none-any.whl (227 kB)
remote:        Collecting pytz==2019.3
remote:          Downloading pytz-2019.3-py2.py3-none-any.whl (509 kB)
remote:        Collecting PyYAML==5.3
remote:          Downloading PyYAML-5.3.tar.gz (268 kB)
remote:        Collecting Quandl==3.5.0
remote:          Downloading Quandl-3.5.0-py2.py3-none-any.whl (25 kB)
remote:        Collecting requests==2.23.0
remote:          Downloading requests-2.23.0-py2.py3-none-any.whl (58 kB)
remote:        Collecting scikit-learn==0.22.2.post1
remote:          Downloading scikit_learn-0.22.2.post1-cp36-cp36m-manylinux1_x86_64.whl (7.1 MB)
remote:        Collecting scipy==1.4.1
remote:          Downloading scipy-1.4.1-cp36-cp36m-manylinux1_x86_64.whl (26.1 MB)
remote:        Collecting six==1.14.0
remote:          Downloading six-1.14.0-py2.py3-none-any.whl (10 kB)
remote:        Collecting sklearn==0.0
remote:          Downloading sklearn-0.0.tar.gz (1.1 kB)
remote:        Collecting sqlparse==0.3.1
remote:          Downloading sqlparse-0.3.1-py2.py3-none-any.whl (40 kB)
remote:        Collecting urllib3==1.25.8
remote:          Downloading urllib3-1.25.8-py2.py3-none-any.whl (125 kB)
remote:        Collecting Werkzeug==1.0.0
remote:          Downloading Werkzeug-1.0.0-py2.py3-none-any.whl (298 kB)
remote:        Collecting whitenoise==5.0.1
remote:          Downloading whitenoise-5.0.1-py2.py3-none-any.whl (20 kB)
remote:        Building wheels for collected packages: inflection, psycopg2, PyYAML, sklearn
remote:          Building wheel for inflection (setup.py): started
remote:          Building wheel for inflection (setup.py): finished with status 'done'
remote:          Created wheel for inflection: filename=inflection-0.3.1-py3-none-any.whl size=6075 sha256=cfd1e4bfb6077217d4cb9e219b6dc098682e0a291364a68c067f9716f803ec72
remote:          Stored in directory: /tmp/pip-ephem-wheel-cache-w6yh05y7/wheels/20/80/0f/19bee3c7f2cf5ca41fcc9cdc8ed94c88b9946872651cb5ee91
remote:          Building wheel for psycopg2 (setup.py): started
remote:          Building wheel for psycopg2 (setup.py): finished with status 'done'
remote:          Created wheel for psycopg2: filename=psycopg2-2.8.5-cp36-cp36m-linux_x86_64.whl size=447301 sha256=9dfb500b78bbcbddb21d0c006a2adfbeb3f6adb82b71c4842474079e89429f15
remote:          Stored in directory: /tmp/pip-ephem-wheel-cache-w6yh05y7/wheels/52/9a/ab/22a0d1dc560ad5c0d09cc1c968015f89726e7e01c190dee110
remote:          Building wheel for PyYAML (setup.py): started
remote:          Building wheel for PyYAML (setup.py): finished with status 'done'
remote:          Created wheel for PyYAML: filename=PyYAML-5.3-cp36-cp36m-linux_x86_64.whl size=401762 sha256=2368146296dc350094bf0702483b6408423ef76dda7f62bfedb3191c9110ebfc
remote:          Stored in directory: /tmp/pip-ephem-wheel-cache-w6yh05y7/wheels/b1/86/0d/10e6c39d3a2b85ba807d7657ee80f08cc16c03f2aa2adf8e46
remote:          Building wheel for sklearn (setup.py): started
remote:          Building wheel for sklearn (setup.py): finished with status 'done'
remote:          Created wheel for sklearn: filename=sklearn-0.0-py2.py3-none-any.whl size=1315 sha256=010591c548c0eb2e965cb4bf877be2a9c91adc8c48297ae4a5ff6e717147b54e
remote:          Stored in directory: /tmp/pip-ephem-wheel-cache-w6yh05y7/wheels/23/9d/42/5ec745cbbb17517000a53cecc49d6a865450d1f5cb16dc8a9c
remote:        Successfully built inflection psycopg2 PyYAML sklearn
remote:        Installing collected packages: asgiref, certifi, chardet, Click, dj-database-url, sqlparse, pytz, Django, django-crispy-forms, whitenoise, psycopg2, django-heroku, MarkupSafe, Jinja2, Werkzeug, itsdangerous, Flask, gunicorn, idna, inflection, joblib, more-itertools, numpy, six, python-dateutil, pandas, Pillow, PyYAML, urllib3, requests, Quandl, scipy, scikit-learn, sklearn
remote:        Successfully installed Click-7.0 Django-3.0.5 Flask-1.1.1 Jinja2-2.11.1 MarkupSafe-1.1.1 Pillow-7.1.1 PyYAML-5.3 Quandl-3.5.0 Werkzeug-1.0.0 asgiref-3.2.7 certifi-2019.11.28 chardet-3.0.4 dj-database-url-0.5.0 django-crispy-forms-1.9.0 django-heroku-0.3.1 gunicorn-20.0.4 idna-2.9 inflection-0.3.1 itsdangerous-1.1.0 joblib-0.14.1 more-itertools-8.2.0 numpy-1.18.1 pandas-1.0.1 psycopg2-2.8.5 python-dateutil-2.8.1 pytz-2019.3 requests-2.23.0 scikit-learn-0.22.2.post1 scipy-1.4.1 six-1.14.0 sklearn-0.0 sqlparse-0.3.1 urllib3-1.25.8 whitenoise-5.0.1
remote: -----> $ python manage.py collectstatic --noinput
remote:        131 static files copied to '/tmp/build_6530deafd06838ffffc8a463ed381e00/staticfiles', 415 post-processed.
remote:
remote: -----> Discovering process types
remote:        Procfile declares types -> web
remote:
remote: -----> Compressing...
remote:        Done: 131.5M
remote: -----> Launching...
remote:        Released v14
remote:        https://djangoprojectweb.herokuapp.com/ deployed to Heroku
remote:
remote: Verifying deploy... done.
To https://git.heroku.com/djangoprojectweb.git
   78aaa66..8eec49f  master -> master

C:\Users\SadeedBari\Documents\djangoweb\django_project>heroku open

C:\Users\SadeedBari\Documents\djangoweb\django_project>git status
On branch master
Changes not staged for commit:
  (use "git add <file>..." to update what will be committed)
  (use "git restore <file>..." to discard changes in working directory)
        modified:   django_project/settings.py

no changes added to commit (use "git add" and/or "git commit -a")

C:\Users\SadeedBari\Documents\djangoweb\django_project>git add .

C:\Users\SadeedBari\Documents\djangoweb\django_project>git commit -m "temp"
[master 72a7596] temp
 1 file changed, 1 insertion(+), 1 deletion(-)

C:\Users\SadeedBari\Documents\djangoweb\django_project>git push heroku master
Enumerating objects: 7, done.
Counting objects: 100% (7/7), done.
Delta compression using up to 8 threads
Compressing objects: 100% (4/4), done.
Writing objects: 100% (4/4), 340 bytes | 340.00 KiB/s, done.
Total 4 (delta 3), reused 0 (delta 0)
remote: Compressing source files... done.
remote: Building source:
remote:
remote: -----> Python app detected
remote: -----> Clearing cached dependencies
remote: -----> Installing python-3.6.10
remote: -----> Installing pip
remote: -----> Installing SQLite3
remote: Sqlite3 successfully installed.
remote: -----> Installing requirements with pip
remote:        Collecting asgiref==3.2.7
remote:          Downloading asgiref-3.2.7-py2.py3-none-any.whl (19 kB)
remote:        Collecting certifi==2019.11.28
remote:          Downloading certifi-2019.11.28-py2.py3-none-any.whl (156 kB)
remote:        Collecting chardet==3.0.4
remote:          Downloading chardet-3.0.4-py2.py3-none-any.whl (133 kB)
remote:        Collecting Click==7.0
remote:          Downloading Click-7.0-py2.py3-none-any.whl (81 kB)
remote:        Collecting dj-database-url==0.5.0
remote:          Downloading dj_database_url-0.5.0-py2.py3-none-any.whl (5.5 kB)
remote:        Collecting Django==3.0.5
remote:          Downloading Django-3.0.5-py3-none-any.whl (7.5 MB)
remote:        Collecting django-crispy-forms==1.9.0
remote:          Downloading django_crispy_forms-1.9.0-py2.py3-none-any.whl (107 kB)
remote:        Collecting django-heroku==0.3.1
remote:          Downloading django_heroku-0.3.1-py2.py3-none-any.whl (6.2 kB)
remote:        Collecting Flask==1.1.1
remote:          Downloading Flask-1.1.1-py2.py3-none-any.whl (94 kB)
remote:        Collecting gunicorn==20.0.4
remote:          Downloading gunicorn-20.0.4-py2.py3-none-any.whl (77 kB)
remote:        Collecting idna==2.9
remote:          Downloading idna-2.9-py2.py3-none-any.whl (58 kB)
remote:        Collecting inflection==0.3.1
remote:          Downloading inflection-0.3.1.tar.gz (8.7 kB)
remote:        Collecting itsdangerous==1.1.0
remote:          Downloading itsdangerous-1.1.0-py2.py3-none-any.whl (16 kB)
remote:        Collecting Jinja2==2.11.1
remote:          Downloading Jinja2-2.11.1-py2.py3-none-any.whl (126 kB)
remote:        Collecting joblib==0.14.1
remote:          Downloading joblib-0.14.1-py2.py3-none-any.whl (294 kB)
remote:        Collecting MarkupSafe==1.1.1
remote:          Downloading MarkupSafe-1.1.1-cp36-cp36m-manylinux1_x86_64.whl (27 kB)
remote:        Collecting more-itertools==8.2.0
remote:          Downloading more_itertools-8.2.0-py3-none-any.whl (43 kB)
remote:        Collecting numpy==1.18.1
remote:          Downloading numpy-1.18.1-cp36-cp36m-manylinux1_x86_64.whl (20.1 MB)
remote:        Collecting pandas==1.0.1
remote:          Downloading pandas-1.0.1-cp36-cp36m-manylinux1_x86_64.whl (10.1 MB)
remote:        Collecting Pillow==7.1.1
remote:          Downloading Pillow-7.1.1-cp36-cp36m-manylinux1_x86_64.whl (2.1 MB)
remote:        Collecting psycopg2==2.8.5
remote:          Downloading psycopg2-2.8.5.tar.gz (380 kB)
remote:        Collecting python-dateutil==2.8.1
remote:          Downloading python_dateutil-2.8.1-py2.py3-none-any.whl (227 kB)
remote:        Collecting pytz==2019.3
remote:          Downloading pytz-2019.3-py2.py3-none-any.whl (509 kB)
remote:        Collecting PyYAML==5.3
remote:          Downloading PyYAML-5.3.tar.gz (268 kB)
remote:        Collecting Quandl==3.5.0
remote:          Downloading Quandl-3.5.0-py2.py3-none-any.whl (25 kB)
remote:        Collecting requests==2.23.0
remote:          Downloading requests-2.23.0-py2.py3-none-any.whl (58 kB)
remote:        Collecting scikit-learn==0.22.2.post1
remote:          Downloading scikit_learn-0.22.2.post1-cp36-cp36m-manylinux1_x86_64.whl (7.1 MB)
remote:        Collecting scipy==1.4.1
remote:          Downloading scipy-1.4.1-cp36-cp36m-manylinux1_x86_64.whl (26.1 MB)
remote:        Collecting six==1.14.0
remote:          Downloading six-1.14.0-py2.py3-none-any.whl (10 kB)
remote:        Collecting sklearn==0.0
remote:          Downloading sklearn-0.0.tar.gz (1.1 kB)
remote:        Collecting sqlparse==0.3.1
remote:          Downloading sqlparse-0.3.1-py2.py3-none-any.whl (40 kB)
remote:        Collecting urllib3==1.25.8
remote:          Downloading urllib3-1.25.8-py2.py3-none-any.whl (125 kB)
remote:        Collecting Werkzeug==1.0.0
remote:          Downloading Werkzeug-1.0.0-py2.py3-none-any.whl (298 kB)
remote:        Collecting whitenoise==5.0.1
remote:          Downloading whitenoise-5.0.1-py2.py3-none-any.whl (20 kB)
remote:        Building wheels for collected packages: inflection, psycopg2, PyYAML, sklearn
remote:          Building wheel for inflection (setup.py): started
remote:          Building wheel for inflection (setup.py): finished with status 'done'
remote:          Created wheel for inflection: filename=inflection-0.3.1-py3-none-any.whl size=6075 sha256=0432f943be2bc41d1f1db234136c01550752781e266c8987343b0b5bca39945b
remote:          Stored in directory: /tmp/pip-ephem-wheel-cache-fepqy5_3/wheels/20/80/0f/19bee3c7f2cf5ca41fcc9cdc8ed94c88b9946872651cb5ee91
remote:          Building wheel for psycopg2 (setup.py): started
remote:          Building wheel for psycopg2 (setup.py): finished with status 'done'
remote:          Created wheel for psycopg2: filename=psycopg2-2.8.5-cp36-cp36m-linux_x86_64.whl size=447292 sha256=ec22ceea2181257cb3261181d72b40ce488e2c1d155a2985d1245aed8056cb3e
remote:          Stored in directory: /tmp/pip-ephem-wheel-cache-fepqy5_3/wheels/52/9a/ab/22a0d1dc560ad5c0d09cc1c968015f89726e7e01c190dee110
remote:          Building wheel for PyYAML (setup.py): started
remote:          Building wheel for PyYAML (setup.py): finished with status 'done'
remote:          Created wheel for PyYAML: filename=PyYAML-5.3-cp36-cp36m-linux_x86_64.whl size=401767 sha256=fc9fb67b71870c3397bb95ceb38d52d9dea8e68ae36b6c092e86d8b875416a1c
remote:          Stored in directory: /tmp/pip-ephem-wheel-cache-fepqy5_3/wheels/b1/86/0d/10e6c39d3a2b85ba807d7657ee80f08cc16c03f2aa2adf8e46
remote:          Building wheel for sklearn (setup.py): started
remote:          Building wheel for sklearn (setup.py): finished with status 'done'
remote:          Created wheel for sklearn: filename=sklearn-0.0-py2.py3-none-any.whl size=1315 sha256=8b866e05ca26c36f26860192677a5f99774e0d851778941a310be284b9f982ed
remote:          Stored in directory: /tmp/pip-ephem-wheel-cache-fepqy5_3/wheels/23/9d/42/5ec745cbbb17517000a53cecc49d6a865450d1f5cb16dc8a9c
remote:        Successfully built inflection psycopg2 PyYAML sklearn
remote:        Installing collected packages: asgiref, certifi, chardet, Click, dj-database-url, sqlparse, pytz, Django, django-crispy-forms, whitenoise, psycopg2, django-heroku, MarkupSafe, Jinja2, itsdangerous, Werkzeug, Flask, gunicorn, idna, inflection, joblib, more-itertools, numpy, six, python-dateutil, pandas, Pillow, PyYAML, urllib3, requests, Quandl, scipy, scikit-learn, sklearn
remote:        Successfully installed Click-7.0 Django-3.0.5 Flask-1.1.1 Jinja2-2.11.1 MarkupSafe-1.1.1 Pillow-7.1.1 PyYAML-5.3 Quandl-3.5.0 Werkzeug-1.0.0 asgiref-3.2.7 certifi-2019.11.28 chardet-3.0.4 dj-database-url-0.5.0 django-crispy-forms-1.9.0 django-heroku-0.3.1 gunicorn-20.0.4 idna-2.9 inflection-0.3.1 itsdangerous-1.1.0 joblib-0.14.1 more-itertools-8.2.0 numpy-1.18.1 pandas-1.0.1 psycopg2-2.8.5 python-dateutil-2.8.1 pytz-2019.3 requests-2.23.0 scikit-learn-0.22.2.post1 scipy-1.4.1 six-1.14.0 sklearn-0.0 sqlparse-0.3.1 urllib3-1.25.8 whitenoise-5.0.1
remote: -----> $ python manage.py collectstatic --noinput
remote:        131 static files copied to '/tmp/build_ef11962713a9a50856ed44fee1892b63/staticfiles'.
remote:
remote: -----> Discovering process types
remote:        Procfile declares types -> web
remote:
remote: -----> Compressing...
remote:        Done: 130.5M
remote: -----> Launching...
remote:        Released v15
remote:        https://djangoprojectweb.herokuapp.com/ deployed to Heroku
remote:
remote: Verifying deploy... done.
To https://git.heroku.com/djangoprojectweb.git
   8eec49f..72a7596  master -> master

C:\Users\SadeedBari\Documents\djangoweb\django_project>heroku open

C:\Users\SadeedBari\Documents\djangoweb\django_project>git add .

C:\Users\SadeedBari\Documents\djangoweb\django_project>git commit -m "added allowed host"
[master fced8b5] added allowed host
 1 file changed, 1 insertion(+), 1 deletion(-)

C:\Users\SadeedBari\Documents\djangoweb\django_project>git push heroku master
Enumerating objects: 7, done.
Counting objects: 100% (7/7), done.
Delta compression using up to 8 threads
Compressing objects: 100% (4/4), done.
Writing objects: 100% (4/4), 348 bytes | 348.00 KiB/s, done.
Total 4 (delta 3), reused 0 (delta 0)
remote: Compressing source files... done.
remote: Building source:
remote:
remote: -----> Python app detected
remote: -----> Clearing cached dependencies
remote: -----> Installing python-3.6.10
remote: -----> Installing pip
remote: -----> Installing SQLite3
remote: Sqlite3 successfully installed.
remote: -----> Installing requirements with pip
remote:        Collecting asgiref==3.2.7
remote:          Downloading asgiref-3.2.7-py2.py3-none-any.whl (19 kB)
remote:        Collecting certifi==2019.11.28
remote:          Downloading certifi-2019.11.28-py2.py3-none-any.whl (156 kB)
remote:        Collecting chardet==3.0.4
remote:          Downloading chardet-3.0.4-py2.py3-none-any.whl (133 kB)
remote:        Collecting Click==7.0
remote:          Downloading Click-7.0-py2.py3-none-any.whl (81 kB)
remote:        Collecting dj-database-url==0.5.0
remote:          Downloading dj_database_url-0.5.0-py2.py3-none-any.whl (5.5 kB)
remote:        Collecting Django==3.0.5
remote:          Downloading Django-3.0.5-py3-none-any.whl (7.5 MB)
remote:        Collecting django-crispy-forms==1.9.0
remote:          Downloading django_crispy_forms-1.9.0-py2.py3-none-any.whl (107 kB)
remote:        Collecting django-heroku==0.3.1
remote:          Downloading django_heroku-0.3.1-py2.py3-none-any.whl (6.2 kB)
remote:        Collecting Flask==1.1.1
remote:          Downloading Flask-1.1.1-py2.py3-none-any.whl (94 kB)
remote:        Collecting gunicorn==20.0.4
remote:          Downloading gunicorn-20.0.4-py2.py3-none-any.whl (77 kB)
remote:        Collecting idna==2.9
remote:          Downloading idna-2.9-py2.py3-none-any.whl (58 kB)
remote:        Collecting inflection==0.3.1
remote:          Downloading inflection-0.3.1.tar.gz (8.7 kB)
remote:        Collecting itsdangerous==1.1.0
remote:          Downloading itsdangerous-1.1.0-py2.py3-none-any.whl (16 kB)
remote:        Collecting Jinja2==2.11.1
remote:          Downloading Jinja2-2.11.1-py2.py3-none-any.whl (126 kB)
remote:        Collecting joblib==0.14.1
remote:          Downloading joblib-0.14.1-py2.py3-none-any.whl (294 kB)
remote:        Collecting MarkupSafe==1.1.1
remote:          Downloading MarkupSafe-1.1.1-cp36-cp36m-manylinux1_x86_64.whl (27 kB)
remote:        Collecting more-itertools==8.2.0
remote:          Downloading more_itertools-8.2.0-py3-none-any.whl (43 kB)
remote:        Collecting numpy==1.18.1
remote:          Downloading numpy-1.18.1-cp36-cp36m-manylinux1_x86_64.whl (20.1 MB)
remote:        Collecting pandas==1.0.1
remote:          Downloading pandas-1.0.1-cp36-cp36m-manylinux1_x86_64.whl (10.1 MB)
remote:        Collecting Pillow==7.1.1
remote:          Downloading Pillow-7.1.1-cp36-cp36m-manylinux1_x86_64.whl (2.1 MB)
remote:        Collecting psycopg2==2.8.5
remote:          Downloading psycopg2-2.8.5.tar.gz (380 kB)
remote:        Collecting python-dateutil==2.8.1
remote:          Downloading python_dateutil-2.8.1-py2.py3-none-any.whl (227 kB)
remote:        Collecting pytz==2019.3
remote:          Downloading pytz-2019.3-py2.py3-none-any.whl (509 kB)
remote:        Collecting PyYAML==5.3
remote:          Downloading PyYAML-5.3.tar.gz (268 kB)
remote:        Collecting Quandl==3.5.0
remote:          Downloading Quandl-3.5.0-py2.py3-none-any.whl (25 kB)
remote:        Collecting requests==2.23.0
remote:          Downloading requests-2.23.0-py2.py3-none-any.whl (58 kB)
remote:        Collecting scikit-learn==0.22.2.post1
remote:          Downloading scikit_learn-0.22.2.post1-cp36-cp36m-manylinux1_x86_64.whl (7.1 MB)
remote:        Collecting scipy==1.4.1
remote:          Downloading scipy-1.4.1-cp36-cp36m-manylinux1_x86_64.whl (26.1 MB)
remote:        Collecting six==1.14.0
remote:          Downloading six-1.14.0-py2.py3-none-any.whl (10 kB)
remote:        Collecting sklearn==0.0
remote:          Downloading sklearn-0.0.tar.gz (1.1 kB)
remote:        Collecting sqlparse==0.3.1
remote:          Downloading sqlparse-0.3.1-py2.py3-none-any.whl (40 kB)
remote:        Collecting urllib3==1.25.8
remote:          Downloading urllib3-1.25.8-py2.py3-none-any.whl (125 kB)
remote:        Collecting Werkzeug==1.0.0
remote:          Downloading Werkzeug-1.0.0-py2.py3-none-any.whl (298 kB)
remote:        Collecting whitenoise==5.0.1
remote:          Downloading whitenoise-5.0.1-py2.py3-none-any.whl (20 kB)
remote:        Building wheels for collected packages: inflection, psycopg2, PyYAML, sklearn
remote:          Building wheel for inflection (setup.py): started
remote:          Building wheel for inflection (setup.py): finished with status 'done'
remote:          Created wheel for inflection: filename=inflection-0.3.1-py3-none-any.whl size=6075 sha256=15e9f71fe2e215d0e307766122812fcb0d9966ce78272022fabf59eb8d1e6e3d
remote:          Stored in directory: /tmp/pip-ephem-wheel-cache-gwzsbny8/wheels/20/80/0f/19bee3c7f2cf5ca41fcc9cdc8ed94c88b9946872651cb5ee91
remote:          Building wheel for psycopg2 (setup.py): started
remote:          Building wheel for psycopg2 (setup.py): finished with status 'done'
remote:          Created wheel for psycopg2: filename=psycopg2-2.8.5-cp36-cp36m-linux_x86_64.whl size=447340 sha256=096ad0d3d39c6ee1ef6301d03f0fd776556f5c40c8ce458dab6747bdcac781ec
remote:          Stored in directory: /tmp/pip-ephem-wheel-cache-gwzsbny8/wheels/52/9a/ab/22a0d1dc560ad5c0d09cc1c968015f89726e7e01c190dee110
remote:          Building wheel for PyYAML (setup.py): started
remote:          Building wheel for PyYAML (setup.py): finished with status 'done'
remote:          Created wheel for PyYAML: filename=PyYAML-5.3-cp36-cp36m-linux_x86_64.whl size=401776 sha256=ffe90816a12de87bc913be7f7706cd0604e1738bdc265b6851a75c4301f5d008
remote:          Stored in directory: /tmp/pip-ephem-wheel-cache-gwzsbny8/wheels/b1/86/0d/10e6c39d3a2b85ba807d7657ee80f08cc16c03f2aa2adf8e46
remote:          Building wheel for sklearn (setup.py): started
remote:          Building wheel for sklearn (setup.py): finished with status 'done'
remote:          Created wheel for sklearn: filename=sklearn-0.0-py2.py3-none-any.whl size=1315 sha256=d293eac033aa7413a4a41ffdb0bc7bc08cfa117631c437ee805bd4dcec0637f1
remote:          Stored in directory: /tmp/pip-ephem-wheel-cache-gwzsbny8/wheels/23/9d/42/5ec745cbbb17517000a53cecc49d6a865450d1f5cb16dc8a9c
remote:        Successfully built inflection psycopg2 PyYAML sklearn
remote:        Installing collected packages: asgiref, certifi, chardet, Click, dj-database-url, pytz, sqlparse, Django, django-crispy-forms, whitenoise, psycopg2, django-heroku, Werkzeug, itsdangerous, MarkupSafe, Jinja2, Flask, gunicorn, idna, inflection, joblib, more-itertools, numpy, six, python-dateutil, pandas, Pillow, PyYAML, urllib3, requests, Quandl, scipy, scikit-learn, sklearn
remote:        Successfully installed Click-7.0 Django-3.0.5 Flask-1.1.1 Jinja2-2.11.1 MarkupSafe-1.1.1 Pillow-7.1.1 PyYAML-5.3 Quandl-3.5.0 Werkzeug-1.0.0 asgiref-3.2.7 certifi-2019.11.28 chardet-3.0.4 dj-database-url-0.5.0 django-crispy-forms-1.9.0 django-heroku-0.3.1 gunicorn-20.0.4 idna-2.9 inflection-0.3.1 itsdangerous-1.1.0 joblib-0.14.1 more-itertools-8.2.0 numpy-1.18.1 pandas-1.0.1 psycopg2-2.8.5 python-dateutil-2.8.1 pytz-2019.3 requests-2.23.0 scikit-learn-0.22.2.post1 scipy-1.4.1 six-1.14.0 sklearn-0.0 sqlparse-0.3.1 urllib3-1.25.8 whitenoise-5.0.1
remote: -----> $ python manage.py collectstatic --noinput
remote:        131 static files copied to '/tmp/build_ce219c935ce71c451590c231ae89d749/staticfiles'.
remote:
remote: -----> Discovering process types
remote:        Procfile declares types -> web
remote:
remote: -----> Compressing...
remote:        Done: 130.4M
remote: -----> Launching...
remote:        Released v16
remote:        https://djangoprojectweb.herokuapp.com/ deployed to Heroku
remote:
remote: Verifying deploy... done.
To https://git.heroku.com/djangoprojectweb.git
   72a7596..fced8b5  master -> master

C:\Users\SadeedBari\Documents\djangoweb\django_project>heroku open

C:\Users\SadeedBari\Documents\djangoweb\django_project>git status
On branch master
nothing to commit, working tree clean

C:\Users\SadeedBari\Documents\djangoweb\django_project>git add .

C:\Users\SadeedBari\Documents\djangoweb\django_project>git status
On branch master
Changes to be committed:
  (use "git restore --staged <file>..." to unstage)
        modified:   django_project/settings.py


C:\Users\SadeedBari\Documents\djangoweb\django_project>git add .

C:\Users\SadeedBari\Documents\djangoweb\django_project>git commit -m "host update"
[master 3eb9f9d] host update
 1 file changed, 1 insertion(+), 1 deletion(-)

C:\Users\SadeedBari\Documents\djangoweb\django_project>git push heroku master
Enumerating objects: 7, done.
Counting objects: 100% (7/7), done.
Delta compression using up to 8 threads
Compressing objects: 100% (4/4), done.
Writing objects: 100% (4/4), 354 bytes | 354.00 KiB/s, done.
Total 4 (delta 3), reused 0 (delta 0)
remote: Compressing source files... done.
remote: Building source:
remote:
remote: -----> Python app detected
remote: -----> Clearing cached dependencies
remote: -----> Installing python-3.6.10
remote: -----> Installing pip
remote: -----> Installing SQLite3
remote: Sqlite3 successfully installed.
remote: -----> Installing requirements with pip
remote:        Collecting asgiref==3.2.7
remote:          Downloading asgiref-3.2.7-py2.py3-none-any.whl (19 kB)
remote:        Collecting certifi==2019.11.28
remote:          Downloading certifi-2019.11.28-py2.py3-none-any.whl (156 kB)
remote:        Collecting chardet==3.0.4
remote:          Downloading chardet-3.0.4-py2.py3-none-any.whl (133 kB)
remote:        Collecting Click==7.0
remote:          Downloading Click-7.0-py2.py3-none-any.whl (81 kB)
remote:        Collecting dj-database-url==0.5.0
remote:          Downloading dj_database_url-0.5.0-py2.py3-none-any.whl (5.5 kB)
remote:        Collecting Django==3.0.5
remote:          Downloading Django-3.0.5-py3-none-any.whl (7.5 MB)
remote:        Collecting django-crispy-forms==1.9.0
remote:          Downloading django_crispy_forms-1.9.0-py2.py3-none-any.whl (107 kB)
remote:        Collecting django-heroku==0.3.1
remote:          Downloading django_heroku-0.3.1-py2.py3-none-any.whl (6.2 kB)
remote:        Collecting Flask==1.1.1
remote:          Downloading Flask-1.1.1-py2.py3-none-any.whl (94 kB)
remote:        Collecting gunicorn==20.0.4
remote:          Downloading gunicorn-20.0.4-py2.py3-none-any.whl (77 kB)
remote:        Collecting idna==2.9
remote:          Downloading idna-2.9-py2.py3-none-any.whl (58 kB)
remote:        Collecting inflection==0.3.1
remote:          Downloading inflection-0.3.1.tar.gz (8.7 kB)
remote:        Collecting itsdangerous==1.1.0
remote:          Downloading itsdangerous-1.1.0-py2.py3-none-any.whl (16 kB)
remote:        Collecting Jinja2==2.11.1
remote:          Downloading Jinja2-2.11.1-py2.py3-none-any.whl (126 kB)
remote:        Collecting joblib==0.14.1
remote:          Downloading joblib-0.14.1-py2.py3-none-any.whl (294 kB)
remote:        Collecting MarkupSafe==1.1.1
remote:          Downloading MarkupSafe-1.1.1-cp36-cp36m-manylinux1_x86_64.whl (27 kB)
remote:        Collecting more-itertools==8.2.0
remote:          Downloading more_itertools-8.2.0-py3-none-any.whl (43 kB)
remote:        Collecting numpy==1.18.1
remote:          Downloading numpy-1.18.1-cp36-cp36m-manylinux1_x86_64.whl (20.1 MB)
remote:        Collecting pandas==1.0.1
remote:          Downloading pandas-1.0.1-cp36-cp36m-manylinux1_x86_64.whl (10.1 MB)
remote:        Collecting Pillow==7.1.1
remote:          Downloading Pillow-7.1.1-cp36-cp36m-manylinux1_x86_64.whl (2.1 MB)
remote:        Collecting psycopg2==2.8.5
remote:          Downloading psycopg2-2.8.5.tar.gz (380 kB)
remote:        Collecting python-dateutil==2.8.1
remote:          Downloading python_dateutil-2.8.1-py2.py3-none-any.whl (227 kB)
remote:        Collecting pytz==2019.3
remote:          Downloading pytz-2019.3-py2.py3-none-any.whl (509 kB)
remote:        Collecting PyYAML==5.3
remote:          Downloading PyYAML-5.3.tar.gz (268 kB)
remote:        Collecting Quandl==3.5.0
remote:          Downloading Quandl-3.5.0-py2.py3-none-any.whl (25 kB)
remote:        Collecting requests==2.23.0
remote:          Downloading requests-2.23.0-py2.py3-none-any.whl (58 kB)
remote:        Collecting scikit-learn==0.22.2.post1
remote:          Downloading scikit_learn-0.22.2.post1-cp36-cp36m-manylinux1_x86_64.whl (7.1 MB)
remote:        Collecting scipy==1.4.1
remote:          Downloading scipy-1.4.1-cp36-cp36m-manylinux1_x86_64.whl (26.1 MB)
remote:        Collecting six==1.14.0
remote:          Downloading six-1.14.0-py2.py3-none-any.whl (10 kB)
remote:        Collecting sklearn==0.0
remote:          Downloading sklearn-0.0.tar.gz (1.1 kB)
remote:        Collecting sqlparse==0.3.1
remote:          Downloading sqlparse-0.3.1-py2.py3-none-any.whl (40 kB)
remote:        Collecting urllib3==1.25.8
remote:          Downloading urllib3-1.25.8-py2.py3-none-any.whl (125 kB)
remote:        Collecting Werkzeug==1.0.0
remote:          Downloading Werkzeug-1.0.0-py2.py3-none-any.whl (298 kB)
remote:        Collecting whitenoise==5.0.1
remote:          Downloading whitenoise-5.0.1-py2.py3-none-any.whl (20 kB)
remote:        Building wheels for collected packages: inflection, psycopg2, PyYAML, sklearn
remote:          Building wheel for inflection (setup.py): started
remote:          Building wheel for inflection (setup.py): finished with status 'done'
remote:          Created wheel for inflection: filename=inflection-0.3.1-py3-none-any.whl size=6075 sha256=039aaf1bbdf0703c2ac7b8def0d756351b7cd39442e20f61d3ac657a97e1f171
remote:          Stored in directory: /tmp/pip-ephem-wheel-cache-_tgu1nnj/wheels/20/80/0f/19bee3c7f2cf5ca41fcc9cdc8ed94c88b9946872651cb5ee91
remote:          Building wheel for psycopg2 (setup.py): started
remote:          Building wheel for psycopg2 (setup.py): finished with status 'done'
remote:          Created wheel for psycopg2: filename=psycopg2-2.8.5-cp36-cp36m-linux_x86_64.whl size=447249 sha256=4bd7f0c21cad01f865518511638751f5585bce788aafde9890c14580cd74c2ac
remote:          Stored in directory: /tmp/pip-ephem-wheel-cache-_tgu1nnj/wheels/52/9a/ab/22a0d1dc560ad5c0d09cc1c968015f89726e7e01c190dee110
remote:          Building wheel for PyYAML (setup.py): started
remote:          Building wheel for PyYAML (setup.py): finished with status 'done'
remote:          Created wheel for PyYAML: filename=PyYAML-5.3-cp36-cp36m-linux_x86_64.whl size=401771 sha256=4b8337151a81de9d060d0b43886c46f8f4d449e7280974daf80c681d664ae1ff
remote:          Stored in directory: /tmp/pip-ephem-wheel-cache-_tgu1nnj/wheels/b1/86/0d/10e6c39d3a2b85ba807d7657ee80f08cc16c03f2aa2adf8e46
remote:          Building wheel for sklearn (setup.py): started
remote:          Building wheel for sklearn (setup.py): finished with status 'done'
remote:          Created wheel for sklearn: filename=sklearn-0.0-py2.py3-none-any.whl size=1315 sha256=7191b4d5256a09cb69622e1f8aa8c1d01d2d48ad6525504717fc056cfb318b75
remote:          Stored in directory: /tmp/pip-ephem-wheel-cache-_tgu1nnj/wheels/23/9d/42/5ec745cbbb17517000a53cecc49d6a865450d1f5cb16dc8a9c
remote:        Successfully built inflection psycopg2 PyYAML sklearn
remote:        Installing collected packages: asgiref, certifi, chardet, Click, dj-database-url, sqlparse, pytz, Django, django-crispy-forms, psycopg2, whitenoise, django-heroku, itsdangerous, MarkupSafe, Jinja2, Werkzeug, Flask, gunicorn, idna, inflection, joblib, more-itertools, numpy, six, python-dateutil, pandas, Pillow, PyYAML, urllib3, requests, Quandl, scipy, scikit-learn, sklearn
remote:        Successfully installed Click-7.0 Django-3.0.5 Flask-1.1.1 Jinja2-2.11.1 MarkupSafe-1.1.1 Pillow-7.1.1 PyYAML-5.3 Quandl-3.5.0 Werkzeug-1.0.0 asgiref-3.2.7 certifi-2019.11.28 chardet-3.0.4 dj-database-url-0.5.0 django-crispy-forms-1.9.0 django-heroku-0.3.1 gunicorn-20.0.4 idna-2.9 inflection-0.3.1 itsdangerous-1.1.0 joblib-0.14.1 more-itertools-8.2.0 numpy-1.18.1 pandas-1.0.1 psycopg2-2.8.5 python-dateutil-2.8.1 pytz-2019.3 requests-2.23.0 scikit-learn-0.22.2.post1 scipy-1.4.1 six-1.14.0 sklearn-0.0 sqlparse-0.3.1 urllib3-1.25.8 whitenoise-5.0.1
remote: -----> $ python manage.py collectstatic --noinput
remote:        131 static files copied to '/tmp/build_ba8ef49188b939ca41bfa1b15dc0cd83/staticfiles'.
remote:
remote: -----> Discovering process types
remote:        Procfile declares types -> web
remote:
remote: -----> Compressing...
remote:        Done: 130.4M
remote: -----> Launching...
remote:        Released v17
remote:        https://djangoprojectweb.herokuapp.com/ deployed to Heroku
remote:
remote: Verifying deploy... done.
To https://git.heroku.com/djangoprojectweb.git
   fced8b5..3eb9f9d  master -> master

C:\Users\SadeedBari\Documents\djangoweb\django_project>heroku open

C:\Users\SadeedBari\Documents\djangoweb\django_project>git status
On branch master
Changes not staged for commit:
  (use "git add <file>..." to update what will be committed)
  (use "git restore <file>..." to discard changes in working directory)
        modified:   django_project/settings.py

no changes added to commit (use "git add" and/or "git commit -a")

C:\Users\SadeedBari\Documents\djangoweb\django_project>got add .
'got' is not recognized as an internal or external command,
operable program or batch file.

C:\Users\SadeedBari\Documents\djangoweb\django_project>git commit -m "fix"
On branch master
Changes not staged for commit:
        modified:   django_project/settings.py

no changes added to commit

C:\Users\SadeedBari\Documents\djangoweb\django_project>git status
On branch master
Changes not staged for commit:
  (use "git add <file>..." to update what will be committed)
  (use "git restore <file>..." to discard changes in working directory)
        modified:   django_project/settings.py

no changes added to commit (use "git add" and/or "git commit -a")

C:\Users\SadeedBari\Documents\djangoweb\django_project>git add .

C:\Users\SadeedBari\Documents\djangoweb\django_project>git status
On branch master
Changes to be committed:
  (use "git restore --staged <file>..." to unstage)
        modified:   django_project/settings.py


C:\Users\SadeedBari\Documents\djangoweb\django_project>git commit -m "fix"
[master 06f63a7] fix
 1 file changed, 2 insertions(+), 2 deletions(-)

C:\Users\SadeedBari\Documents\djangoweb\django_project>git push heroku master
Enumerating objects: 7, done.
Counting objects: 100% (7/7), done.
Delta compression using up to 8 threads
Compressing objects: 100% (4/4), done.
Writing objects: 100% (4/4), 348 bytes | 348.00 KiB/s, done.
Total 4 (delta 3), reused 0 (delta 0)
remote: Compressing source files... done.
remote: Building source:
remote:
remote: -----> Python app detected
remote: -----> Clearing cached dependencies
remote: -----> Installing python-3.6.10
remote: -----> Installing pip
remote: -----> Installing SQLite3
remote: Sqlite3 successfully installed.
remote: -----> Installing requirements with pip
remote:        Collecting asgiref==3.2.7
remote:          Downloading asgiref-3.2.7-py2.py3-none-any.whl (19 kB)
remote:        Collecting certifi==2019.11.28
remote:          Downloading certifi-2019.11.28-py2.py3-none-any.whl (156 kB)
remote:        Collecting chardet==3.0.4
remote:          Downloading chardet-3.0.4-py2.py3-none-any.whl (133 kB)
remote:        Collecting Click==7.0
remote:          Downloading Click-7.0-py2.py3-none-any.whl (81 kB)
remote:        Collecting dj-database-url==0.5.0
remote:          Downloading dj_database_url-0.5.0-py2.py3-none-any.whl (5.5 kB)
remote:        Collecting Django==3.0.5
remote:          Downloading Django-3.0.5-py3-none-any.whl (7.5 MB)
remote:        Collecting django-crispy-forms==1.9.0
remote:          Downloading django_crispy_forms-1.9.0-py2.py3-none-any.whl (107 kB)
remote:        Collecting django-heroku==0.3.1
remote:          Downloading django_heroku-0.3.1-py2.py3-none-any.whl (6.2 kB)
remote:        Collecting Flask==1.1.1
remote:          Downloading Flask-1.1.1-py2.py3-none-any.whl (94 kB)
remote:        Collecting gunicorn==20.0.4
remote:          Downloading gunicorn-20.0.4-py2.py3-none-any.whl (77 kB)
remote:        Collecting idna==2.9
remote:          Downloading idna-2.9-py2.py3-none-any.whl (58 kB)
remote:        Collecting inflection==0.3.1
remote:          Downloading inflection-0.3.1.tar.gz (8.7 kB)
remote:        Collecting itsdangerous==1.1.0
remote:          Downloading itsdangerous-1.1.0-py2.py3-none-any.whl (16 kB)
remote:        Collecting Jinja2==2.11.1
remote:          Downloading Jinja2-2.11.1-py2.py3-none-any.whl (126 kB)
remote:        Collecting joblib==0.14.1
remote:          Downloading joblib-0.14.1-py2.py3-none-any.whl (294 kB)
remote:        Collecting MarkupSafe==1.1.1
remote:          Downloading MarkupSafe-1.1.1-cp36-cp36m-manylinux1_x86_64.whl (27 kB)
remote:        Collecting more-itertools==8.2.0
remote:          Downloading more_itertools-8.2.0-py3-none-any.whl (43 kB)
remote:        Collecting numpy==1.18.1
remote:          Downloading numpy-1.18.1-cp36-cp36m-manylinux1_x86_64.whl (20.1 MB)
remote:        Collecting pandas==1.0.1
remote:          Downloading pandas-1.0.1-cp36-cp36m-manylinux1_x86_64.whl (10.1 MB)
remote:        Collecting Pillow==7.1.1
remote:          Downloading Pillow-7.1.1-cp36-cp36m-manylinux1_x86_64.whl (2.1 MB)
remote:        Collecting psycopg2==2.8.5
remote:          Downloading psycopg2-2.8.5.tar.gz (380 kB)
remote:        Collecting python-dateutil==2.8.1
remote:          Downloading python_dateutil-2.8.1-py2.py3-none-any.whl (227 kB)
remote:        Collecting pytz==2019.3
remote:          Downloading pytz-2019.3-py2.py3-none-any.whl (509 kB)
remote:        Collecting PyYAML==5.3
remote:          Downloading PyYAML-5.3.tar.gz (268 kB)
remote:        Collecting Quandl==3.5.0
remote:          Downloading Quandl-3.5.0-py2.py3-none-any.whl (25 kB)
remote:        Collecting requests==2.23.0
remote:          Downloading requests-2.23.0-py2.py3-none-any.whl (58 kB)
remote:        Collecting scikit-learn==0.22.2.post1
remote:          Downloading scikit_learn-0.22.2.post1-cp36-cp36m-manylinux1_x86_64.whl (7.1 MB)
remote:        Collecting scipy==1.4.1
remote:          Downloading scipy-1.4.1-cp36-cp36m-manylinux1_x86_64.whl (26.1 MB)
remote:        Collecting six==1.14.0
remote:          Downloading six-1.14.0-py2.py3-none-any.whl (10 kB)
remote:        Collecting sklearn==0.0
remote:          Downloading sklearn-0.0.tar.gz (1.1 kB)
remote:        Collecting sqlparse==0.3.1
remote:          Downloading sqlparse-0.3.1-py2.py3-none-any.whl (40 kB)
remote:        Collecting urllib3==1.25.8
remote:          Downloading urllib3-1.25.8-py2.py3-none-any.whl (125 kB)
remote:        Collecting Werkzeug==1.0.0
remote:          Downloading Werkzeug-1.0.0-py2.py3-none-any.whl (298 kB)
remote:        Collecting whitenoise==5.0.1
remote:          Downloading whitenoise-5.0.1-py2.py3-none-any.whl (20 kB)
remote:        Building wheels for collected packages: inflection, psycopg2, PyYAML, sklearn
remote:          Building wheel for inflection (setup.py): started
remote:          Building wheel for inflection (setup.py): finished with status 'done'
remote:          Created wheel for inflection: filename=inflection-0.3.1-py3-none-any.whl size=6075 sha256=8409631810a71d5628510978bca77f988f67037fbc594b346eee20f99df48451
remote:          Stored in directory: /tmp/pip-ephem-wheel-cache-k6ko0gkh/wheels/20/80/0f/19bee3c7f2cf5ca41fcc9cdc8ed94c88b9946872651cb5ee91
remote:          Building wheel for psycopg2 (setup.py): started
remote:          Building wheel for psycopg2 (setup.py): finished with status 'done'
remote:          Created wheel for psycopg2: filename=psycopg2-2.8.5-cp36-cp36m-linux_x86_64.whl size=447274 sha256=5e2ff0184a40f6e530fffcc17cf05a78dd0df5cae4c9ad948a7b88c4bba5a9e3
remote:          Stored in directory: /tmp/pip-ephem-wheel-cache-k6ko0gkh/wheels/52/9a/ab/22a0d1dc560ad5c0d09cc1c968015f89726e7e01c190dee110
remote:          Building wheel for PyYAML (setup.py): started
remote:          Building wheel for PyYAML (setup.py): finished with status 'done'
remote:          Created wheel for PyYAML: filename=PyYAML-5.3-cp36-cp36m-linux_x86_64.whl size=401761 sha256=766ff5f50ee1e30eabf69e8f6094b349050f68db45e4b93d1c272070f1c4cda8
remote:          Stored in directory: /tmp/pip-ephem-wheel-cache-k6ko0gkh/wheels/b1/86/0d/10e6c39d3a2b85ba807d7657ee80f08cc16c03f2aa2adf8e46
remote:          Building wheel for sklearn (setup.py): started
remote:          Building wheel for sklearn (setup.py): finished with status 'done'
remote:          Created wheel for sklearn: filename=sklearn-0.0-py2.py3-none-any.whl size=1315 sha256=63fb3d224da99f7f096979a304d5870c869f7d283aa3f400fc0b76af2f5122a9
remote:          Stored in directory: /tmp/pip-ephem-wheel-cache-k6ko0gkh/wheels/23/9d/42/5ec745cbbb17517000a53cecc49d6a865450d1f5cb16dc8a9c
remote:        Successfully built inflection psycopg2 PyYAML sklearn
remote:        Installing collected packages: asgiref, certifi, chardet, Click, dj-database-url, pytz, sqlparse, Django, django-crispy-forms, psycopg2, whitenoise, django-heroku, Werkzeug, MarkupSafe, Jinja2, itsdangerous, Flask, gunicorn, idna, inflection, joblib, more-itertools, numpy, six, python-dateutil, pandas, Pillow, PyYAML, urllib3, requests, Quandl, scipy, scikit-learn, sklearn
remote:        Successfully installed Click-7.0 Django-3.0.5 Flask-1.1.1 Jinja2-2.11.1 MarkupSafe-1.1.1 Pillow-7.1.1 PyYAML-5.3 Quandl-3.5.0 Werkzeug-1.0.0 asgiref-3.2.7 certifi-2019.11.28 chardet-3.0.4 dj-database-url-0.5.0 django-crispy-forms-1.9.0 django-heroku-0.3.1 gunicorn-20.0.4 idna-2.9 inflection-0.3.1 itsdangerous-1.1.0 joblib-0.14.1 more-itertools-8.2.0 numpy-1.18.1 pandas-1.0.1 psycopg2-2.8.5 python-dateutil-2.8.1 pytz-2019.3 requests-2.23.0 scikit-learn-0.22.2.post1 scipy-1.4.1 six-1.14.0 sklearn-0.0 sqlparse-0.3.1 urllib3-1.25.8 whitenoise-5.0.1
remote: -----> $ python manage.py collectstatic --noinput
remote:        131 static files copied to '/tmp/build_379ca249f5fe0f37a339039148d9397e/staticfiles', 415 post-processed.
remote:
remote: -----> Discovering process types
remote:        Procfile declares types -> web
remote:
remote: -----> Compressing...
remote:        Done: 131.6M
remote: -----> Launching...
remote:        Released v18
remote:        https://djangoprojectweb.herokuapp.com/ deployed to Heroku
remote:
remote: Verifying deploy... done.
To https://git.heroku.com/djangoprojectweb.git
   3eb9f9d..06f63a7  master -> master

C:\Users\SadeedBari\Documents\djangoweb\django_project>heroku open

Running python manage.py migrate on ⬢ djangoprojectweb... up, run.2206 (Free)
Operations to perform:
  Apply all migrations: admin, auth, blog, contenttypes, sessions, users
Running migrations:
  Applying contenttypes.0001_initial... OK
  Applying auth.0001_initial... OK
  Applying admin.0001_initial... OK
  Applying admin.0002_logentry_remove_auto_add... OK
  Applying admin.0003_logentry_add_action_flag_choices... OK
  Applying contenttypes.0002_remove_content_type_name... OK
  Applying auth.0002_alter_permission_name_max_length... OK
  Applying auth.0003_alter_user_email_max_length... OK
  Applying auth.0004_alter_user_username_opts... OK
  Applying auth.0005_alter_user_last_login_null... OK
  Applying auth.0006_require_contenttypes_0002... OK
  Applying auth.0007_alter_validators_add_error_messages... OK
  Applying auth.0008_alter_user_username_max_length... OK
  Applying auth.0009_alter_user_last_name_max_length... OK
  Applying auth.0010_alter_group_name_max_length... OK
  Applying auth.0011_update_proxy_permissions... OK
  Applying blog.0001_initial... OK
  Applying sessions.0001_initial... OK
  Applying users.0001_initial... OK

Running bash on ⬢ djangoprojectweb... up, run.6780 (Free)
~ $ ls
blog  django-admin    manage.py  Procfile  requirements.txt  staticfiles  users
cd    django_project  media      python    runtime.txt       tree
~ $ python manage.py createsuperuser
Username (leave blank to use 'u58564'): sadeedbari
Email address: sadeedbari@gmail.com
Password:
Password (again):
Superuser created successfully.
~ $ exit
exit

C:\Users\SadeedBari\Documents\djangoweb\django_project>heroku open

C:\Users\SadeedBari\Documents\djangoweb\django_project>git status
On branch master
Changes not staged for commit:
  (use "git add <file>..." to update what will be committed)
  (use "git restore <file>..." to discard changes in working directory)
        modified:   django_project/urls.py

no changes added to commit (use "git add" and/or "git commit -a")

C:\Users\SadeedBari\Documents\djangoweb\django_project>git add .

C:\Users\SadeedBari\Documents\djangoweb\django_project>git commit -m "changed home url"
[master a2548d1] changed home url
 1 file changed, 1 insertion(+), 1 deletion(-)

C:\Users\SadeedBari\Documents\djangoweb\django_project>git push heroku master
Enumerating objects: 7, done.
Counting objects: 100% (7/7), done.
Delta compression using up to 8 threads
Compressing objects: 100% (4/4), done.
Writing objects: 100% (4/4), 355 bytes | 355.00 KiB/s, done.
Total 4 (delta 3), reused 0 (delta 0)
remote: Compressing source files... done.
remote: Building source:
remote:
remote: -----> Python app detected
remote: -----> Clearing cached dependencies
remote: -----> Installing python-3.6.10
remote: -----> Installing pip
remote: -----> Installing SQLite3
remote: Sqlite3 successfully installed.
remote: -----> Installing requirements with pip
remote:        Collecting asgiref==3.2.7
remote:          Downloading asgiref-3.2.7-py2.py3-none-any.whl (19 kB)
remote:        Collecting certifi==2019.11.28
remote:          Downloading certifi-2019.11.28-py2.py3-none-any.whl (156 kB)
remote:        Collecting chardet==3.0.4
remote:          Downloading chardet-3.0.4-py2.py3-none-any.whl (133 kB)
remote:        Collecting Click==7.0
remote:          Downloading Click-7.0-py2.py3-none-any.whl (81 kB)
remote:        Collecting dj-database-url==0.5.0
remote:          Downloading dj_database_url-0.5.0-py2.py3-none-any.whl (5.5 kB)
remote:        Collecting Django==3.0.5
remote:          Downloading Django-3.0.5-py3-none-any.whl (7.5 MB)
remote:        Collecting django-crispy-forms==1.9.0
remote:          Downloading django_crispy_forms-1.9.0-py2.py3-none-any.whl (107 kB)
remote:        Collecting django-heroku==0.3.1
remote:          Downloading django_heroku-0.3.1-py2.py3-none-any.whl (6.2 kB)
remote:        Collecting Flask==1.1.1
remote:          Downloading Flask-1.1.1-py2.py3-none-any.whl (94 kB)
remote:        Collecting gunicorn==20.0.4
remote:          Downloading gunicorn-20.0.4-py2.py3-none-any.whl (77 kB)
remote:        Collecting idna==2.9
remote:          Downloading idna-2.9-py2.py3-none-any.whl (58 kB)
remote:        Collecting inflection==0.3.1
remote:          Downloading inflection-0.3.1.tar.gz (8.7 kB)
remote:        Collecting itsdangerous==1.1.0
remote:          Downloading itsdangerous-1.1.0-py2.py3-none-any.whl (16 kB)
remote:        Collecting Jinja2==2.11.1
remote:          Downloading Jinja2-2.11.1-py2.py3-none-any.whl (126 kB)
remote:        Collecting joblib==0.14.1
remote:          Downloading joblib-0.14.1-py2.py3-none-any.whl (294 kB)
remote:        Collecting MarkupSafe==1.1.1
remote:          Downloading MarkupSafe-1.1.1-cp36-cp36m-manylinux1_x86_64.whl (27 kB)
remote:        Collecting more-itertools==8.2.0
remote:          Downloading more_itertools-8.2.0-py3-none-any.whl (43 kB)
remote:        Collecting numpy==1.18.1
remote:          Downloading numpy-1.18.1-cp36-cp36m-manylinux1_x86_64.whl (20.1 MB)
remote:        Collecting pandas==1.0.1
remote:          Downloading pandas-1.0.1-cp36-cp36m-manylinux1_x86_64.whl (10.1 MB)
remote:        Collecting Pillow==7.1.1
remote:          Downloading Pillow-7.1.1-cp36-cp36m-manylinux1_x86_64.whl (2.1 MB)
remote:        Collecting psycopg2==2.8.5
remote:          Downloading psycopg2-2.8.5.tar.gz (380 kB)
remote:        Collecting python-dateutil==2.8.1
remote:          Downloading python_dateutil-2.8.1-py2.py3-none-any.whl (227 kB)
remote:        Collecting pytz==2019.3
remote:          Downloading pytz-2019.3-py2.py3-none-any.whl (509 kB)
remote:        Collecting PyYAML==5.3
remote:          Downloading PyYAML-5.3.tar.gz (268 kB)
remote:        Collecting Quandl==3.5.0
remote:          Downloading Quandl-3.5.0-py2.py3-none-any.whl (25 kB)
remote:        Collecting requests==2.23.0
remote:          Downloading requests-2.23.0-py2.py3-none-any.whl (58 kB)
remote:        Collecting scikit-learn==0.22.2.post1
remote:          Downloading scikit_learn-0.22.2.post1-cp36-cp36m-manylinux1_x86_64.whl (7.1 MB)
remote:        Collecting scipy==1.4.1
remote:          Downloading scipy-1.4.1-cp36-cp36m-manylinux1_x86_64.whl (26.1 MB)
remote:        Collecting six==1.14.0
remote:          Downloading six-1.14.0-py2.py3-none-any.whl (10 kB)
remote:        Collecting sklearn==0.0
remote:          Downloading sklearn-0.0.tar.gz (1.1 kB)
remote:        Collecting sqlparse==0.3.1
remote:          Downloading sqlparse-0.3.1-py2.py3-none-any.whl (40 kB)
remote:        Collecting urllib3==1.25.8
remote:          Downloading urllib3-1.25.8-py2.py3-none-any.whl (125 kB)
remote:        Collecting Werkzeug==1.0.0
remote:          Downloading Werkzeug-1.0.0-py2.py3-none-any.whl (298 kB)
remote:        Collecting whitenoise==5.0.1
remote:          Downloading whitenoise-5.0.1-py2.py3-none-any.whl (20 kB)
remote:        Building wheels for collected packages: inflection, psycopg2, PyYAML, sklearn
remote:          Building wheel for inflection (setup.py): started
remote:          Building wheel for inflection (setup.py): finished with status 'done'
remote:          Created wheel for inflection: filename=inflection-0.3.1-py3-none-any.whl size=6075 sha256=4aebf4151af4c10c3b85f7905699f08faa9729e4ed00e52ee51f809af19840b6
remote:          Stored in directory: /tmp/pip-ephem-wheel-cache-fr9v6qk4/wheels/20/80/0f/19bee3c7f2cf5ca41fcc9cdc8ed94c88b9946872651cb5ee91
remote:          Building wheel for psycopg2 (setup.py): started
remote:          Building wheel for psycopg2 (setup.py): finished with status 'done'
remote:          Created wheel for psycopg2: filename=psycopg2-2.8.5-cp36-cp36m-linux_x86_64.whl size=447325 sha256=748603a2e878c5a9ca6c29ca2de3b84bc3277171fee51cc5f500f34f1887123d
remote:          Stored in directory: /tmp/pip-ephem-wheel-cache-fr9v6qk4/wheels/52/9a/ab/22a0d1dc560ad5c0d09cc1c968015f89726e7e01c190dee110
remote:          Building wheel for PyYAML (setup.py): started
remote:          Building wheel for PyYAML (setup.py): finished with status 'done'
remote:          Created wheel for PyYAML: filename=PyYAML-5.3-cp36-cp36m-linux_x86_64.whl size=401769 sha256=898a899297aba0af125fda57a890aa10a41377b4bee90890a62409c60d362c9d
remote:          Stored in directory: /tmp/pip-ephem-wheel-cache-fr9v6qk4/wheels/b1/86/0d/10e6c39d3a2b85ba807d7657ee80f08cc16c03f2aa2adf8e46
remote:          Building wheel for sklearn (setup.py): started
remote:          Building wheel for sklearn (setup.py): finished with status 'done'
remote:          Created wheel for sklearn: filename=sklearn-0.0-py2.py3-none-any.whl size=1315 sha256=ca017824752674fb7599775a80e607cda8faccf290c24f546892f5e7018c6198
remote:          Stored in directory: /tmp/pip-ephem-wheel-cache-fr9v6qk4/wheels/23/9d/42/5ec745cbbb17517000a53cecc49d6a865450d1f5cb16dc8a9c
remote:        Successfully built inflection psycopg2 PyYAML sklearn
remote:        Installing collected packages: asgiref, certifi, chardet, Click, dj-database-url, sqlparse, pytz, Django, django-crispy-forms, psycopg2, whitenoise, django-heroku, itsdangerous, Werkzeug, MarkupSafe, Jinja2, Flask, gunicorn, idna, inflection, joblib, more-itertools, numpy, six, python-dateutil, pandas, Pillow, PyYAML, urllib3, requests, Quandl, scipy, scikit-learn, sklearn
remote:        Successfully installed Click-7.0 Django-3.0.5 Flask-1.1.1 Jinja2-2.11.1 MarkupSafe-1.1.1 Pillow-7.1.1 PyYAML-5.3 Quandl-3.5.0 Werkzeug-1.0.0 asgiref-3.2.7 certifi-2019.11.28 chardet-3.0.4 dj-database-url-0.5.0 django-crispy-forms-1.9.0 django-heroku-0.3.1 gunicorn-20.0.4 idna-2.9 inflection-0.3.1 itsdangerous-1.1.0 joblib-0.14.1 more-itertools-8.2.0 numpy-1.18.1 pandas-1.0.1 psycopg2-2.8.5 python-dateutil-2.8.1 pytz-2019.3 requests-2.23.0 scikit-learn-0.22.2.post1 scipy-1.4.1 six-1.14.0 sklearn-0.0 sqlparse-0.3.1 urllib3-1.25.8 whitenoise-5.0.1
remote: -----> $ python manage.py collectstatic --noinput
remote:        131 static files copied to '/tmp/build_2b294890112dec079127f049da961281/staticfiles', 415 post-processed.
remote:
remote: -----> Discovering process types
remote:        Procfile declares types -> web
remote:
remote: -----> Compressing...
remote:        Done: 131.6M
remote: -----> Launching...
remote:        Released v19
remote:        https://djangoprojectweb.herokuapp.com/ deployed to Heroku
remote:
remote: Verifying deploy... done.
To https://git.heroku.com/djangoprojectweb.git
   06f63a7..a2548d1  master -> master

C:\Users\SadeedBari\Documents\djangoweb\django_project>heroku open

C:\Users\SadeedBari\Documents\djangoweb\django_project>git status
On branch master
Changes not staged for commit:
  (use "git add <file>..." to update what will be committed)
  (use "git restore <file>..." to discard changes in working directory)
        modified:   blog/views.py

no changes added to commit (use "git add" and/or "git commit -a")

C:\Users\SadeedBari\Documents\djangoweb\django_project>git add .

C:\Users\SadeedBari\Documents\djangoweb\django_project>git commit -m "change success url for delete post from blog>views.py"
[master 13a4617] change success url for delete post from blog>views.py
 1 file changed, 1 insertion(+), 1 deletion(-)

C:\Users\SadeedBari\Documents\djangoweb\django_project>git push heroku master
Enumerating objects: 7, done.
Counting objects: 100% (7/7), done.
Delta compression using up to 8 threads
Compressing objects: 100% (4/4), done.
Writing objects: 100% (4/4), 376 bytes | 376.00 KiB/s, done.
Total 4 (delta 3), reused 0 (delta 0)
remote: Compressing source files... done.
remote: Building source:
remote:
remote: -----> Python app detected
remote: -----> Clearing cached dependencies
remote: -----> Installing python-3.6.10
remote: -----> Installing pip
remote: -----> Installing SQLite3
remote: Sqlite3 successfully installed.
remote: -----> Installing requirements with pip
remote:        Collecting asgiref==3.2.7
remote:          Downloading asgiref-3.2.7-py2.py3-none-any.whl (19 kB)
remote:        Collecting certifi==2019.11.28
remote:          Downloading certifi-2019.11.28-py2.py3-none-any.whl (156 kB)
remote:        Collecting chardet==3.0.4
remote:          Downloading chardet-3.0.4-py2.py3-none-any.whl (133 kB)
remote:        Collecting Click==7.0
remote:          Downloading Click-7.0-py2.py3-none-any.whl (81 kB)
remote:        Collecting dj-database-url==0.5.0
remote:          Downloading dj_database_url-0.5.0-py2.py3-none-any.whl (5.5 kB)
remote:        Collecting Django==3.0.5
remote:          Downloading Django-3.0.5-py3-none-any.whl (7.5 MB)
remote:        Collecting django-crispy-forms==1.9.0
remote:          Downloading django_crispy_forms-1.9.0-py2.py3-none-any.whl (107 kB)
remote:        Collecting django-heroku==0.3.1
remote:          Downloading django_heroku-0.3.1-py2.py3-none-any.whl (6.2 kB)
remote:        Collecting Flask==1.1.1
remote:          Downloading Flask-1.1.1-py2.py3-none-any.whl (94 kB)
remote:        Collecting gunicorn==20.0.4
remote:          Downloading gunicorn-20.0.4-py2.py3-none-any.whl (77 kB)
remote:        Collecting idna==2.9
remote:          Downloading idna-2.9-py2.py3-none-any.whl (58 kB)
remote:        Collecting inflection==0.3.1
remote:          Downloading inflection-0.3.1.tar.gz (8.7 kB)
remote:        Collecting itsdangerous==1.1.0
remote:          Downloading itsdangerous-1.1.0-py2.py3-none-any.whl (16 kB)
remote:        Collecting Jinja2==2.11.1
remote:          Downloading Jinja2-2.11.1-py2.py3-none-any.whl (126 kB)
remote:        Collecting joblib==0.14.1
remote:          Downloading joblib-0.14.1-py2.py3-none-any.whl (294 kB)
remote:        Collecting MarkupSafe==1.1.1
remote:          Downloading MarkupSafe-1.1.1-cp36-cp36m-manylinux1_x86_64.whl (27 kB)
remote:        Collecting more-itertools==8.2.0
remote:          Downloading more_itertools-8.2.0-py3-none-any.whl (43 kB)
remote:        Collecting numpy==1.18.1
remote:          Downloading numpy-1.18.1-cp36-cp36m-manylinux1_x86_64.whl (20.1 MB)
remote:        Collecting pandas==1.0.1
remote:          Downloading pandas-1.0.1-cp36-cp36m-manylinux1_x86_64.whl (10.1 MB)
remote:        Collecting Pillow==7.1.1
remote:          Downloading Pillow-7.1.1-cp36-cp36m-manylinux1_x86_64.whl (2.1 MB)
remote:        Collecting psycopg2==2.8.5
remote:          Downloading psycopg2-2.8.5.tar.gz (380 kB)
remote:        Collecting python-dateutil==2.8.1
remote:          Downloading python_dateutil-2.8.1-py2.py3-none-any.whl (227 kB)
remote:        Collecting pytz==2019.3
remote:          Downloading pytz-2019.3-py2.py3-none-any.whl (509 kB)
remote:        Collecting PyYAML==5.3
remote:          Downloading PyYAML-5.3.tar.gz (268 kB)
remote:        Collecting Quandl==3.5.0
remote:          Downloading Quandl-3.5.0-py2.py3-none-any.whl (25 kB)
remote:        Collecting requests==2.23.0
remote:          Downloading requests-2.23.0-py2.py3-none-any.whl (58 kB)
remote:        Collecting scikit-learn==0.22.2.post1
remote:          Downloading scikit_learn-0.22.2.post1-cp36-cp36m-manylinux1_x86_64.whl (7.1 MB)
remote:        Collecting scipy==1.4.1
remote:          Downloading scipy-1.4.1-cp36-cp36m-manylinux1_x86_64.whl (26.1 MB)
remote:        Collecting six==1.14.0
remote:          Downloading six-1.14.0-py2.py3-none-any.whl (10 kB)
remote:        Collecting sklearn==0.0
remote:          Downloading sklearn-0.0.tar.gz (1.1 kB)
remote:        Collecting sqlparse==0.3.1
remote:          Downloading sqlparse-0.3.1-py2.py3-none-any.whl (40 kB)
remote:        Collecting urllib3==1.25.8
remote:          Downloading urllib3-1.25.8-py2.py3-none-any.whl (125 kB)
remote:        Collecting Werkzeug==1.0.0
remote:          Downloading Werkzeug-1.0.0-py2.py3-none-any.whl (298 kB)
remote:        Collecting whitenoise==5.0.1
remote:          Downloading whitenoise-5.0.1-py2.py3-none-any.whl (20 kB)
remote:        Building wheels for collected packages: inflection, psycopg2, PyYAML, sklearn
remote:          Building wheel for inflection (setup.py): started
remote:          Building wheel for inflection (setup.py): finished with status 'done'
remote:          Created wheel for inflection: filename=inflection-0.3.1-py3-none-any.whl size=6075 sha256=0ee283f9013bc7b02dd576eaef42c6537e0262c2e2519275ce44d58b12d48931
remote:          Stored in directory: /tmp/pip-ephem-wheel-cache-kfdqhutu/wheels/20/80/0f/19bee3c7f2cf5ca41fcc9cdc8ed94c88b9946872651cb5ee91
remote:          Building wheel for psycopg2 (setup.py): started
remote:          Building wheel for psycopg2 (setup.py): finished with status 'done'
remote:          Created wheel for psycopg2: filename=psycopg2-2.8.5-cp36-cp36m-linux_x86_64.whl size=447231 sha256=9ff04064ec95020797be52caba1e2dd91f06f87ab96c1e110108496646086232
remote:          Stored in directory: /tmp/pip-ephem-wheel-cache-kfdqhutu/wheels/52/9a/ab/22a0d1dc560ad5c0d09cc1c968015f89726e7e01c190dee110
remote:          Building wheel for PyYAML (setup.py): started
remote:          Building wheel for PyYAML (setup.py): finished with status 'done'
remote:          Created wheel for PyYAML: filename=PyYAML-5.3-cp36-cp36m-linux_x86_64.whl size=401765 sha256=f16510c56fe325e9da93f985339d0c5647e93a165c098901c8a9942806654465
remote:          Stored in directory: /tmp/pip-ephem-wheel-cache-kfdqhutu/wheels/b1/86/0d/10e6c39d3a2b85ba807d7657ee80f08cc16c03f2aa2adf8e46
remote:          Building wheel for sklearn (setup.py): started
remote:          Building wheel for sklearn (setup.py): finished with status 'done'
remote:          Created wheel for sklearn: filename=sklearn-0.0-py2.py3-none-any.whl size=1315 sha256=c6ddc63871cf4730aff43565223cc46c2baf51539deb11d97ca09160d4cf7856
remote:          Stored in directory: /tmp/pip-ephem-wheel-cache-kfdqhutu/wheels/23/9d/42/5ec745cbbb17517000a53cecc49d6a865450d1f5cb16dc8a9c
remote:        Successfully built inflection psycopg2 PyYAML sklearn
remote:        Installing collected packages: asgiref, certifi, chardet, Click, dj-database-url, sqlparse, pytz, Django, django-crispy-forms, whitenoise, psycopg2, django-heroku, itsdangerous, Werkzeug, MarkupSafe, Jinja2, Flask, gunicorn, idna, inflection, joblib, more-itertools, numpy, six, python-dateutil, pandas, Pillow, PyYAML, urllib3, requests, Quandl, scipy, scikit-learn, sklearn
remote:        Successfully installed Click-7.0 Django-3.0.5 Flask-1.1.1 Jinja2-2.11.1 MarkupSafe-1.1.1 Pillow-7.1.1 PyYAML-5.3 Quandl-3.5.0 Werkzeug-1.0.0 asgiref-3.2.7 certifi-2019.11.28 chardet-3.0.4 dj-database-url-0.5.0 django-crispy-forms-1.9.0 django-heroku-0.3.1 gunicorn-20.0.4 idna-2.9 inflection-0.3.1 itsdangerous-1.1.0 joblib-0.14.1 more-itertools-8.2.0 numpy-1.18.1 pandas-1.0.1 psycopg2-2.8.5 python-dateutil-2.8.1 pytz-2019.3 requests-2.23.0 scikit-learn-0.22.2.post1 scipy-1.4.1 six-1.14.0 sklearn-0.0 sqlparse-0.3.1 urllib3-1.25.8 whitenoise-5.0.1
remote: -----> $ python manage.py collectstatic --noinput
remote:        131 static files copied to '/tmp/build_b3a46eaece53774e71b704c2a8e9b35c/staticfiles', 415 post-processed.
remote:
remote: -----> Discovering process types
remote:        Procfile declares types -> web
remote:
remote: -----> Compressing...
remote:        Done: 131.6M
remote: -----> Launching...
remote:        Released v20
remote:        https://djangoprojectweb.herokuapp.com/ deployed to Heroku
remote:
remote: Verifying deploy... done.
To https://git.heroku.com/djangoprojectweb.git
   a2548d1..13a4617  master -> master

C:\Users\SadeedBari\Documents\djangoweb\django_project>heroko open
'heroko' is not recognized as an internal or external command,
operable program or batch file.

C:\Users\SadeedBari\Documents\djangoweb\django_project>heroku open

C:\Users\SadeedBari\Documents\djangoweb\django_project>git add .

C:\Users\SadeedBari\Documents\djangoweb\django_project>git commit -m "success url post delete update"
[master 58c6a96] success url post delete update
 1 file changed, 1 insertion(+), 1 deletion(-)

C:\Users\SadeedBari\Documents\djangoweb\django_project>git push heroku master
Enumerating objects: 7, done.
Counting objects: 100% (7/7), done.
Delta compression using up to 8 threads
Compressing objects: 100% (4/4), done.
Writing objects: 100% (4/4), 358 bytes | 358.00 KiB/s, done.
Total 4 (delta 3), reused 0 (delta 0)
remote: Compressing source files... done.
remote: Building source:
remote:
remote: -----> Python app detected
remote: -----> Clearing cached dependencies
remote: -----> Installing python-3.6.10
remote: -----> Installing pip
remote: -----> Installing SQLite3
remote: Sqlite3 successfully installed.
remote: -----> Installing requirements with pip
remote:        Collecting asgiref==3.2.7
remote:          Downloading asgiref-3.2.7-py2.py3-none-any.whl (19 kB)
remote:        Collecting certifi==2019.11.28
remote:          Downloading certifi-2019.11.28-py2.py3-none-any.whl (156 kB)
remote:        Collecting chardet==3.0.4
remote:          Downloading chardet-3.0.4-py2.py3-none-any.whl (133 kB)
remote:        Collecting Click==7.0
remote:          Downloading Click-7.0-py2.py3-none-any.whl (81 kB)
remote:        Collecting dj-database-url==0.5.0
remote:          Downloading dj_database_url-0.5.0-py2.py3-none-any.whl (5.5 kB)
remote:        Collecting Django==3.0.5
remote:          Downloading Django-3.0.5-py3-none-any.whl (7.5 MB)
remote:        Collecting django-crispy-forms==1.9.0
remote:          Downloading django_crispy_forms-1.9.0-py2.py3-none-any.whl (107 kB)
remote:        Collecting django-heroku==0.3.1
remote:          Downloading django_heroku-0.3.1-py2.py3-none-any.whl (6.2 kB)
remote:        Collecting Flask==1.1.1
remote:          Downloading Flask-1.1.1-py2.py3-none-any.whl (94 kB)
remote:        Collecting gunicorn==20.0.4
remote:          Downloading gunicorn-20.0.4-py2.py3-none-any.whl (77 kB)
remote:        Collecting idna==2.9
remote:          Downloading idna-2.9-py2.py3-none-any.whl (58 kB)
remote:        Collecting inflection==0.3.1
remote:          Downloading inflection-0.3.1.tar.gz (8.7 kB)
remote:        Collecting itsdangerous==1.1.0
remote:          Downloading itsdangerous-1.1.0-py2.py3-none-any.whl (16 kB)
remote:        Collecting Jinja2==2.11.1
remote:          Downloading Jinja2-2.11.1-py2.py3-none-any.whl (126 kB)
remote:        Collecting joblib==0.14.1
remote:          Downloading joblib-0.14.1-py2.py3-none-any.whl (294 kB)
remote:        Collecting MarkupSafe==1.1.1
remote:          Downloading MarkupSafe-1.1.1-cp36-cp36m-manylinux1_x86_64.whl (27 kB)
remote:        Collecting more-itertools==8.2.0
remote:          Downloading more_itertools-8.2.0-py3-none-any.whl (43 kB)
remote:        Collecting numpy==1.18.1
remote:          Downloading numpy-1.18.1-cp36-cp36m-manylinux1_x86_64.whl (20.1 MB)
remote:        Collecting pandas==1.0.1
remote:          Downloading pandas-1.0.1-cp36-cp36m-manylinux1_x86_64.whl (10.1 MB)
remote:        Collecting Pillow==7.1.1
remote:          Downloading Pillow-7.1.1-cp36-cp36m-manylinux1_x86_64.whl (2.1 MB)
remote:        Collecting psycopg2==2.8.5
remote:          Downloading psycopg2-2.8.5.tar.gz (380 kB)
remote:        Collecting python-dateutil==2.8.1
remote:          Downloading python_dateutil-2.8.1-py2.py3-none-any.whl (227 kB)
remote:        Collecting pytz==2019.3
remote:          Downloading pytz-2019.3-py2.py3-none-any.whl (509 kB)
remote:        Collecting PyYAML==5.3
remote:          Downloading PyYAML-5.3.tar.gz (268 kB)
remote:        Collecting Quandl==3.5.0
remote:          Downloading Quandl-3.5.0-py2.py3-none-any.whl (25 kB)
remote:        Collecting requests==2.23.0
remote:          Downloading requests-2.23.0-py2.py3-none-any.whl (58 kB)
remote:        Collecting scikit-learn==0.22.2.post1
remote:          Downloading scikit_learn-0.22.2.post1-cp36-cp36m-manylinux1_x86_64.whl (7.1 MB)
remote:        Collecting scipy==1.4.1
remote:          Downloading scipy-1.4.1-cp36-cp36m-manylinux1_x86_64.whl (26.1 MB)
remote:        Collecting six==1.14.0
remote:          Downloading six-1.14.0-py2.py3-none-any.whl (10 kB)
remote:        Collecting sklearn==0.0
remote:          Downloading sklearn-0.0.tar.gz (1.1 kB)
remote:        Collecting sqlparse==0.3.1
remote:          Downloading sqlparse-0.3.1-py2.py3-none-any.whl (40 kB)
remote:        Collecting urllib3==1.25.8
remote:          Downloading urllib3-1.25.8-py2.py3-none-any.whl (125 kB)
remote:        Collecting Werkzeug==1.0.0
remote:          Downloading Werkzeug-1.0.0-py2.py3-none-any.whl (298 kB)
remote:        Collecting whitenoise==5.0.1
remote:          Downloading whitenoise-5.0.1-py2.py3-none-any.whl (20 kB)
remote:        Building wheels for collected packages: inflection, psycopg2, PyYAML, sklearn
remote:          Building wheel for inflection (setup.py): started
remote:          Building wheel for inflection (setup.py): finished with status 'done'
remote:          Created wheel for inflection: filename=inflection-0.3.1-py3-none-any.whl size=6075 sha256=94e6ecb38a324045c2ae61518020b68ad8ecbdc6580846399aedd3607eb32371
remote:          Stored in directory: /tmp/pip-ephem-wheel-cache-2wrtc6rk/wheels/20/80/0f/19bee3c7f2cf5ca41fcc9cdc8ed94c88b9946872651cb5ee91
remote:          Building wheel for psycopg2 (setup.py): started
remote:          Building wheel for psycopg2 (setup.py): finished with status 'done'
remote:          Created wheel for psycopg2: filename=psycopg2-2.8.5-cp36-cp36m-linux_x86_64.whl size=447288 sha256=da4266f6420310102c8c75aa5db8eafbe20456ceedd3ea4fe28d9a0aca8bc23d
remote:          Stored in directory: /tmp/pip-ephem-wheel-cache-2wrtc6rk/wheels/52/9a/ab/22a0d1dc560ad5c0d09cc1c968015f89726e7e01c190dee110
remote:          Building wheel for PyYAML (setup.py): started
remote:          Building wheel for PyYAML (setup.py): finished with status 'done'
remote:          Created wheel for PyYAML: filename=PyYAML-5.3-cp36-cp36m-linux_x86_64.whl size=401762 sha256=68c48a3eeec79c356be026bc55e642e75cfd16476356fa2e9e25f3a2912ed380
remote:          Stored in directory: /tmp/pip-ephem-wheel-cache-2wrtc6rk/wheels/b1/86/0d/10e6c39d3a2b85ba807d7657ee80f08cc16c03f2aa2adf8e46
remote:          Building wheel for sklearn (setup.py): started
remote:          Building wheel for sklearn (setup.py): finished with status 'done'
remote:          Created wheel for sklearn: filename=sklearn-0.0-py2.py3-none-any.whl size=1315 sha256=5613f4df72374ebd6395ebb65b9cfbac9c304a3fb7d21757bb3ace58ca8db247
remote:          Stored in directory: /tmp/pip-ephem-wheel-cache-2wrtc6rk/wheels/23/9d/42/5ec745cbbb17517000a53cecc49d6a865450d1f5cb16dc8a9c
remote:        Successfully built inflection psycopg2 PyYAML sklearn
remote:        Installing collected packages: asgiref, certifi, chardet, Click, dj-database-url, sqlparse, pytz, Django, django-crispy-forms, psycopg2, whitenoise, django-heroku, MarkupSafe, Jinja2, itsdangerous, Werkzeug, Flask, gunicorn, idna, inflection, joblib, more-itertools, numpy, six, python-dateutil, pandas, Pillow, PyYAML, urllib3, requests, Quandl, scipy, scikit-learn, sklearn
remote:        Successfully installed Click-7.0 Django-3.0.5 Flask-1.1.1 Jinja2-2.11.1 MarkupSafe-1.1.1 Pillow-7.1.1 PyYAML-5.3 Quandl-3.5.0 Werkzeug-1.0.0 asgiref-3.2.7 certifi-2019.11.28 chardet-3.0.4 dj-database-url-0.5.0 django-crispy-forms-1.9.0 django-heroku-0.3.1 gunicorn-20.0.4 idna-2.9 inflection-0.3.1 itsdangerous-1.1.0 joblib-0.14.1 more-itertools-8.2.0 numpy-1.18.1 pandas-1.0.1 psycopg2-2.8.5 python-dateutil-2.8.1 pytz-2019.3 requests-2.23.0 scikit-learn-0.22.2.post1 scipy-1.4.1 six-1.14.0 sklearn-0.0 sqlparse-0.3.1 urllib3-1.25.8 whitenoise-5.0.1
remote: -----> $ python manage.py collectstatic --noinput
remote:        131 static files copied to '/tmp/build_898619d855cc0f2198496a7ad3c3f1f3/staticfiles', 401 post-processed.
remote:
remote: -----> Discovering process types
remote:        Procfile declares types -> web
remote:
remote: -----> Compressing...
remote:        Done: 131.5M
remote: -----> Launching...
remote:        Released v21
remote:        https://djangoprojectweb.herokuapp.com/ deployed to Heroku
remote:
remote: Verifying deploy... done.
To https://git.heroku.com/djangoprojectweb.git
   13a4617..58c6a96  master -> master

C:\Users\SadeedBari\Documents\djangoweb\django_project>heroku open

C:\Users\SadeedBari\Documents\djangoweb\django_project>heroku open

C:\Users\SadeedBari\Documents\djangoweb\django_project>git status
On branch master
Changes not staged for commit:
  (use "git add <file>..." to update what will be committed)
  (use "git restore <file>..." to discard changes in working directory)
        modified:   django_project/settings.py

Untracked files:
  (use "git add <file>..." to include in what will be committed)
        Heroku deployment.txt
        heroku-deployment-logs.txt

no changes added to commit (use "git add" and/or "git commit -a")

C:\Users\SadeedBari\Documents\djangoweb\django_project>git add .

C:\Users\SadeedBari\Documents\djangoweb\django_project>git commit -m "set debug value to env var"
[master 7ae8983] set debug value to env var
 3 files changed, 2123 insertions(+), 1 deletion(-)
 create mode 100644 Heroku deployment.txt
 create mode 100644 heroku-deployment-logs.txt

C:\Users\SadeedBari\Documents\djangoweb\django_project>git push heroku master
Enumerating objects: 9, done.
Counting objects: 100% (9/9), done.
Delta compression using up to 8 threads
Compressing objects: 100% (6/6), done.
Writing objects: 100% (6/6), 12.36 KiB | 6.18 MiB/s, done.
Total 6 (delta 3), reused 0 (delta 0)
remote: Compressing source files... done.
remote: Building source:
remote:
remote: -----> Python app detected
remote: -----> Clearing cached dependencies
remote: -----> Installing python-3.6.10
remote: -----> Installing pip
remote: -----> Installing SQLite3
remote: Sqlite3 successfully installed.
remote: -----> Installing requirements with pip
remote:        Collecting asgiref==3.2.7
remote:          Downloading asgiref-3.2.7-py2.py3-none-any.whl (19 kB)
remote:        Collecting certifi==2019.11.28
remote:          Downloading certifi-2019.11.28-py2.py3-none-any.whl (156 kB)
remote:        Collecting chardet==3.0.4
remote:          Downloading chardet-3.0.4-py2.py3-none-any.whl (133 kB)
remote:        Collecting Click==7.0
remote:          Downloading Click-7.0-py2.py3-none-any.whl (81 kB)
remote:        Collecting dj-database-url==0.5.0
remote:          Downloading dj_database_url-0.5.0-py2.py3-none-any.whl (5.5 kB)
remote:        Collecting Django==3.0.5
remote:          Downloading Django-3.0.5-py3-none-any.whl (7.5 MB)
remote:        Collecting django-crispy-forms==1.9.0
remote:          Downloading django_crispy_forms-1.9.0-py2.py3-none-any.whl (107 kB)
remote:        Collecting django-heroku==0.3.1
remote:          Downloading django_heroku-0.3.1-py2.py3-none-any.whl (6.2 kB)
remote:        Collecting Flask==1.1.1
remote:          Downloading Flask-1.1.1-py2.py3-none-any.whl (94 kB)
remote:        Collecting gunicorn==20.0.4
remote:          Downloading gunicorn-20.0.4-py2.py3-none-any.whl (77 kB)
remote:        Collecting idna==2.9
remote:          Downloading idna-2.9-py2.py3-none-any.whl (58 kB)
remote:        Collecting inflection==0.3.1
remote:          Downloading inflection-0.3.1.tar.gz (8.7 kB)
remote:        Collecting itsdangerous==1.1.0
remote:          Downloading itsdangerous-1.1.0-py2.py3-none-any.whl (16 kB)
remote:        Collecting Jinja2==2.11.1
remote:          Downloading Jinja2-2.11.1-py2.py3-none-any.whl (126 kB)
remote:        Collecting joblib==0.14.1
remote:          Downloading joblib-0.14.1-py2.py3-none-any.whl (294 kB)
remote:        Collecting MarkupSafe==1.1.1
remote:          Downloading MarkupSafe-1.1.1-cp36-cp36m-manylinux1_x86_64.whl (27 kB)
remote:        Collecting more-itertools==8.2.0
remote:          Downloading more_itertools-8.2.0-py3-none-any.whl (43 kB)
remote:        Collecting numpy==1.18.1
remote:          Downloading numpy-1.18.1-cp36-cp36m-manylinux1_x86_64.whl (20.1 MB)
remote:        Collecting pandas==1.0.1
remote:          Downloading pandas-1.0.1-cp36-cp36m-manylinux1_x86_64.whl (10.1 MB)
remote:        Collecting Pillow==7.1.1
remote:          Downloading Pillow-7.1.1-cp36-cp36m-manylinux1_x86_64.whl (2.1 MB)
remote:        Collecting psycopg2==2.8.5
remote:          Downloading psycopg2-2.8.5.tar.gz (380 kB)
remote:        Collecting python-dateutil==2.8.1
remote:          Downloading python_dateutil-2.8.1-py2.py3-none-any.whl (227 kB)
remote:        Collecting pytz==2019.3
remote:          Downloading pytz-2019.3-py2.py3-none-any.whl (509 kB)
remote:        Collecting PyYAML==5.3
remote:          Downloading PyYAML-5.3.tar.gz (268 kB)
remote:        Collecting Quandl==3.5.0
remote:          Downloading Quandl-3.5.0-py2.py3-none-any.whl (25 kB)
remote:        Collecting requests==2.23.0
remote:          Downloading requests-2.23.0-py2.py3-none-any.whl (58 kB)
remote:        Collecting scikit-learn==0.22.2.post1
remote:          Downloading scikit_learn-0.22.2.post1-cp36-cp36m-manylinux1_x86_64.whl (7.1 MB)
remote:        Collecting scipy==1.4.1
remote:          Downloading scipy-1.4.1-cp36-cp36m-manylinux1_x86_64.whl (26.1 MB)
remote:        Collecting six==1.14.0
remote:          Downloading six-1.14.0-py2.py3-none-any.whl (10 kB)
remote:        Collecting sklearn==0.0
remote:          Downloading sklearn-0.0.tar.gz (1.1 kB)
remote:        Collecting sqlparse==0.3.1
remote:          Downloading sqlparse-0.3.1-py2.py3-none-any.whl (40 kB)
remote:        Collecting urllib3==1.25.8
remote:          Downloading urllib3-1.25.8-py2.py3-none-any.whl (125 kB)
remote:        Collecting Werkzeug==1.0.0
remote:          Downloading Werkzeug-1.0.0-py2.py3-none-any.whl (298 kB)
remote:        Collecting whitenoise==5.0.1
remote:          Downloading whitenoise-5.0.1-py2.py3-none-any.whl (20 kB)
remote:        Building wheels for collected packages: inflection, psycopg2, PyYAML, sklearn
remote:          Building wheel for inflection (setup.py): started
remote:          Building wheel for inflection (setup.py): finished with status 'done'
remote:          Created wheel for inflection: filename=inflection-0.3.1-py3-none-any.whl size=6075 sha256=d9ca9658b8e17f096ecaa9427bcede23bdd049cd2ba4b6e599c8500296e1e6ef
remote:          Stored in directory: /tmp/pip-ephem-wheel-cache-87p37bm2/wheels/20/80/0f/19bee3c7f2cf5ca41fcc9cdc8ed94c88b9946872651cb5ee91
remote:          Building wheel for psycopg2 (setup.py): started
remote:          Building wheel for psycopg2 (setup.py): finished with status 'done'
remote:          Created wheel for psycopg2: filename=psycopg2-2.8.5-cp36-cp36m-linux_x86_64.whl size=447385 sha256=5481db2d670b41eef70c12934b55f20eb250eb9dcb48e847dd6b9a3d9135bfb9
remote:          Stored in directory: /tmp/pip-ephem-wheel-cache-87p37bm2/wheels/52/9a/ab/22a0d1dc560ad5c0d09cc1c968015f89726e7e01c190dee110
remote:          Building wheel for PyYAML (setup.py): started
remote:          Building wheel for PyYAML (setup.py): finished with status 'done'
remote:          Created wheel for PyYAML: filename=PyYAML-5.3-cp36-cp36m-linux_x86_64.whl size=401765 sha256=be9112ff19739bd5eadeb53b7ba83e4d1fd905580188d16232fe6ad4a9c7134b
remote:          Stored in directory: /tmp/pip-ephem-wheel-cache-87p37bm2/wheels/b1/86/0d/10e6c39d3a2b85ba807d7657ee80f08cc16c03f2aa2adf8e46
remote:          Building wheel for sklearn (setup.py): started
remote:          Building wheel for sklearn (setup.py): finished with status 'done'
remote:          Created wheel for sklearn: filename=sklearn-0.0-py2.py3-none-any.whl size=1315 sha256=64695d249ae6ae6e2b36dd642dca1bfea32c494c00295461eb8e809e03a6df10
remote:          Stored in directory: /tmp/pip-ephem-wheel-cache-87p37bm2/wheels/23/9d/42/5ec745cbbb17517000a53cecc49d6a865450d1f5cb16dc8a9c
remote:        Successfully built inflection psycopg2 PyYAML sklearn
remote:        Installing collected packages: asgiref, certifi, chardet, Click, dj-database-url, sqlparse, pytz, Django, django-crispy-forms, whitenoise, psycopg2, django-heroku, Werkzeug, itsdangerous, MarkupSafe, Jinja2, Flask, gunicorn, idna, inflection, joblib, more-itertools, numpy, six, python-dateutil, pandas, Pillow, PyYAML, urllib3, requests, Quandl, scipy, scikit-learn, sklearn
remote:        Successfully installed Click-7.0 Django-3.0.5 Flask-1.1.1 Jinja2-2.11.1 MarkupSafe-1.1.1 Pillow-7.1.1 PyYAML-5.3 Quandl-3.5.0 Werkzeug-1.0.0 asgiref-3.2.7 certifi-2019.11.28 chardet-3.0.4 dj-database-url-0.5.0 django-crispy-forms-1.9.0 django-heroku-0.3.1 gunicorn-20.0.4 idna-2.9 inflection-0.3.1 itsdangerous-1.1.0 joblib-0.14.1 more-itertools-8.2.0 numpy-1.18.1 pandas-1.0.1 psycopg2-2.8.5 python-dateutil-2.8.1 pytz-2019.3 requests-2.23.0 scikit-learn-0.22.2.post1 scipy-1.4.1 six-1.14.0 sklearn-0.0 sqlparse-0.3.1 urllib3-1.25.8 whitenoise-5.0.1
remote: -----> $ python manage.py collectstatic --noinput
remote:        131 static files copied to '/tmp/build_38681ea6223b114d3c337a0d4410b4aa/staticfiles', 401 post-processed.
remote:
remote: -----> Discovering process types
remote:        Procfile declares types -> web
remote:
remote: -----> Compressing...
remote:        Done: 131.6M
remote: -----> Launching...
remote:        Released v22
remote:        https://djangoprojectweb.herokuapp.com/ deployed to Heroku
remote:
remote: Verifying deploy... done.
To https://git.heroku.com/djangoprojectweb.git
   58c6a96..7ae8983  master -> master

C:\Users\SadeedBari\Documents\djangoweb\django_project>heroku open

C:\Users\SadeedBari\Documents\djangoweb\django_project>git push heroku master
Everything up-to-date

C:\Users\SadeedBari\Documents\djangoweb\django_project>git status
On branch master
Changes not staged for commit:
  (use "git add <file>..." to update what will be committed)
  (use "git restore <file>..." to discard changes in working directory)
        modified:   django_project/settings.py

no changes added to commit (use "git add" and/or "git commit -a")

C:\Users\SadeedBari\Documents\djangoweb\django_project>git add .

C:\Users\SadeedBari\Documents\djangoweb\django_project>git commit -m "test debug false"
[master 51965bb] test debug false
 1 file changed, 1 insertion(+), 1 deletion(-)

C:\Users\SadeedBari\Documents\djangoweb\django_project>git push heroku master
Enumerating objects: 7, done.
Counting objects: 100% (7/7), done.
Delta compression using up to 8 threads
Compressing objects: 100% (4/4), done.
Writing objects: 100% (4/4), 353 bytes | 353.00 KiB/s, done.
Total 4 (delta 3), reused 0 (delta 0)
remote: Compressing source files... done.
remote: Building source:
remote:
remote: -----> Python app detected
remote: -----> Clearing cached dependencies
remote: -----> Installing python-3.6.10
remote: -----> Installing pip
remote: -----> Installing SQLite3
remote: Sqlite3 successfully installed.
remote: -----> Installing requirements with pip
remote:        Collecting asgiref==3.2.7
remote:          Downloading asgiref-3.2.7-py2.py3-none-any.whl (19 kB)
remote:        Collecting certifi==2019.11.28
remote:          Downloading certifi-2019.11.28-py2.py3-none-any.whl (156 kB)
remote:        Collecting chardet==3.0.4
remote:          Downloading chardet-3.0.4-py2.py3-none-any.whl (133 kB)
remote:        Collecting Click==7.0
remote:          Downloading Click-7.0-py2.py3-none-any.whl (81 kB)
remote:        Collecting dj-database-url==0.5.0
remote:          Downloading dj_database_url-0.5.0-py2.py3-none-any.whl (5.5 kB)
remote:        Collecting Django==3.0.5
remote:          Downloading Django-3.0.5-py3-none-any.whl (7.5 MB)
remote:        Collecting django-crispy-forms==1.9.0
remote:          Downloading django_crispy_forms-1.9.0-py2.py3-none-any.whl (107 kB)
remote:        Collecting django-heroku==0.3.1
remote:          Downloading django_heroku-0.3.1-py2.py3-none-any.whl (6.2 kB)
remote:        Collecting Flask==1.1.1
remote:          Downloading Flask-1.1.1-py2.py3-none-any.whl (94 kB)
remote:        Collecting gunicorn==20.0.4
remote:          Downloading gunicorn-20.0.4-py2.py3-none-any.whl (77 kB)
remote:        Collecting idna==2.9
remote:          Downloading idna-2.9-py2.py3-none-any.whl (58 kB)
remote:        Collecting inflection==0.3.1
remote:          Downloading inflection-0.3.1.tar.gz (8.7 kB)
remote:        Collecting itsdangerous==1.1.0
remote:          Downloading itsdangerous-1.1.0-py2.py3-none-any.whl (16 kB)
remote:        Collecting Jinja2==2.11.1
remote:          Downloading Jinja2-2.11.1-py2.py3-none-any.whl (126 kB)
remote:        Collecting joblib==0.14.1
remote:          Downloading joblib-0.14.1-py2.py3-none-any.whl (294 kB)
remote:        Collecting MarkupSafe==1.1.1
remote:          Downloading MarkupSafe-1.1.1-cp36-cp36m-manylinux1_x86_64.whl (27 kB)
remote:        Collecting more-itertools==8.2.0
remote:          Downloading more_itertools-8.2.0-py3-none-any.whl (43 kB)
remote:        Collecting numpy==1.18.1
remote:          Downloading numpy-1.18.1-cp36-cp36m-manylinux1_x86_64.whl (20.1 MB)
remote:        Collecting pandas==1.0.1
remote:          Downloading pandas-1.0.1-cp36-cp36m-manylinux1_x86_64.whl (10.1 MB)
remote:        Collecting Pillow==7.1.1
remote:          Downloading Pillow-7.1.1-cp36-cp36m-manylinux1_x86_64.whl (2.1 MB)
remote:        Collecting psycopg2==2.8.5
remote:          Downloading psycopg2-2.8.5.tar.gz (380 kB)
remote:        Collecting python-dateutil==2.8.1
remote:          Downloading python_dateutil-2.8.1-py2.py3-none-any.whl (227 kB)
remote:        Collecting pytz==2019.3
remote:          Downloading pytz-2019.3-py2.py3-none-any.whl (509 kB)
remote:        Collecting PyYAML==5.3
remote:          Downloading PyYAML-5.3.tar.gz (268 kB)
remote:        Collecting Quandl==3.5.0
remote:          Downloading Quandl-3.5.0-py2.py3-none-any.whl (25 kB)
remote:        Collecting requests==2.23.0
remote:          Downloading requests-2.23.0-py2.py3-none-any.whl (58 kB)
remote:        Collecting scikit-learn==0.22.2.post1
remote:          Downloading scikit_learn-0.22.2.post1-cp36-cp36m-manylinux1_x86_64.whl (7.1 MB)
remote:        Collecting scipy==1.4.1
remote:          Downloading scipy-1.4.1-cp36-cp36m-manylinux1_x86_64.whl (26.1 MB)
remote:        Collecting six==1.14.0
remote:          Downloading six-1.14.0-py2.py3-none-any.whl (10 kB)
remote:        Collecting sklearn==0.0
remote:          Downloading sklearn-0.0.tar.gz (1.1 kB)
remote:        Collecting sqlparse==0.3.1
remote:          Downloading sqlparse-0.3.1-py2.py3-none-any.whl (40 kB)
remote:        Collecting urllib3==1.25.8
remote:          Downloading urllib3-1.25.8-py2.py3-none-any.whl (125 kB)
remote:        Collecting Werkzeug==1.0.0
remote:          Downloading Werkzeug-1.0.0-py2.py3-none-any.whl (298 kB)
remote:        Collecting whitenoise==5.0.1
remote:          Downloading whitenoise-5.0.1-py2.py3-none-any.whl (20 kB)
remote:        Building wheels for collected packages: inflection, psycopg2, PyYAML, sklearn
remote:          Building wheel for inflection (setup.py): started
remote:          Building wheel for inflection (setup.py): finished with status 'done'
remote:          Created wheel for inflection: filename=inflection-0.3.1-py3-none-any.whl size=6075 sha256=ba12fee2385613654602573bb962a16a42e555f46073bb4c851ea6bfc3ff18c7
remote:          Stored in directory: /tmp/pip-ephem-wheel-cache-z4t2r6ys/wheels/20/80/0f/19bee3c7f2cf5ca41fcc9cdc8ed94c88b9946872651cb5ee91
remote:          Building wheel for psycopg2 (setup.py): started
remote:          Building wheel for psycopg2 (setup.py): finished with status 'done'
remote:          Created wheel for psycopg2: filename=psycopg2-2.8.5-cp36-cp36m-linux_x86_64.whl size=447307 sha256=07ee25478c25eb48278901142b2e0792d84f091fce7ec9ea5b30e90734a3cae0
remote:          Stored in directory: /tmp/pip-ephem-wheel-cache-z4t2r6ys/wheels/52/9a/ab/22a0d1dc560ad5c0d09cc1c968015f89726e7e01c190dee110
remote:          Building wheel for PyYAML (setup.py): started
remote:          Building wheel for PyYAML (setup.py): finished with status 'done'
remote:          Created wheel for PyYAML: filename=PyYAML-5.3-cp36-cp36m-linux_x86_64.whl size=401748 sha256=e04390d64829ed65b723f6eedac7158ebb42699a59a7ca67281e389b57a8ec5a
remote:          Stored in directory: /tmp/pip-ephem-wheel-cache-z4t2r6ys/wheels/b1/86/0d/10e6c39d3a2b85ba807d7657ee80f08cc16c03f2aa2adf8e46
remote:          Building wheel for sklearn (setup.py): started
remote:          Building wheel for sklearn (setup.py): finished with status 'done'
remote:          Created wheel for sklearn: filename=sklearn-0.0-py2.py3-none-any.whl size=1315 sha256=69dd57e0b80e2a96d9943b9feb37df9ec10150898cfcd0b8490f4bf464fcba44
remote:          Stored in directory: /tmp/pip-ephem-wheel-cache-z4t2r6ys/wheels/23/9d/42/5ec745cbbb17517000a53cecc49d6a865450d1f5cb16dc8a9c
remote:        Successfully built inflection psycopg2 PyYAML sklearn
remote:        Installing collected packages: asgiref, certifi, chardet, Click, dj-database-url, pytz, sqlparse, Django, django-crispy-forms, psycopg2, whitenoise, django-heroku, Werkzeug, itsdangerous, MarkupSafe, Jinja2, Flask, gunicorn, idna, inflection, joblib, more-itertools, numpy, six, python-dateutil, pandas, Pillow, PyYAML, urllib3, requests, Quandl, scipy, scikit-learn, sklearn
remote:        Successfully installed Click-7.0 Django-3.0.5 Flask-1.1.1 Jinja2-2.11.1 MarkupSafe-1.1.1 Pillow-7.1.1 PyYAML-5.3 Quandl-3.5.0 Werkzeug-1.0.0 asgiref-3.2.7 certifi-2019.11.28 chardet-3.0.4 dj-database-url-0.5.0 django-crispy-forms-1.9.0 django-heroku-0.3.1 gunicorn-20.0.4 idna-2.9 inflection-0.3.1 itsdangerous-1.1.0 joblib-0.14.1 more-itertools-8.2.0 numpy-1.18.1 pandas-1.0.1 psycopg2-2.8.5 python-dateutil-2.8.1 pytz-2019.3 requests-2.23.0 scikit-learn-0.22.2.post1 scipy-1.4.1 six-1.14.0 sklearn-0.0 sqlparse-0.3.1 urllib3-1.25.8 whitenoise-5.0.1
remote: -----> $ python manage.py collectstatic --noinput
remote:        131 static files copied to '/tmp/build_9356f8664a1995128e404aa9cbb1e107/staticfiles', 415 post-processed.
remote:
remote: -----> Discovering process types
remote:        Procfile declares types -> web
remote:
remote: -----> Compressing...
remote:        Done: 131.6M
remote: -----> Launching...
remote:        Released v23
remote:        https://djangoprojectweb.herokuapp.com/ deployed to Heroku
remote:
remote: Verifying deploy... done.
To https://git.heroku.com/djangoprojectweb.git
   7ae8983..51965bb  master -> master

C:\Users\SadeedBari\Documents\djangoweb\django_project>heroku open

C:\Users\SadeedBari\Documents\djangoweb\django_project>git add .

C:\Users\SadeedBari\Documents\djangoweb\django_project>git commit -m "test debug false"
[master f8ae9f6] test debug false
 1 file changed, 1 insertion(+), 1 deletion(-)

C:\Users\SadeedBari\Documents\djangoweb\django_project>git push heroku master
Enumerating objects: 7, done.
Counting objects: 100% (7/7), done.
Delta compression using up to 8 threads
Compressing objects: 100% (4/4), done.
Writing objects: 100% (4/4), 355 bytes | 118.00 KiB/s, done.
Total 4 (delta 3), reused 0 (delta 0)
remote: Compressing source files... done.
remote: Building source:
remote:
remote: -----> Python app detected
remote: -----> Clearing cached dependencies
remote: -----> Installing python-3.6.10
remote: -----> Installing pip
remote: -----> Installing SQLite3
remote: Sqlite3 successfully installed.
remote: -----> Installing requirements with pip
remote:        Collecting asgiref==3.2.7
remote:          Downloading asgiref-3.2.7-py2.py3-none-any.whl (19 kB)
remote:        Collecting certifi==2019.11.28
remote:          Downloading certifi-2019.11.28-py2.py3-none-any.whl (156 kB)
remote:        Collecting chardet==3.0.4
remote:          Downloading chardet-3.0.4-py2.py3-none-any.whl (133 kB)
remote:        Collecting Click==7.0
remote:          Downloading Click-7.0-py2.py3-none-any.whl (81 kB)
remote:        Collecting dj-database-url==0.5.0
remote:          Downloading dj_database_url-0.5.0-py2.py3-none-any.whl (5.5 kB)
remote:        Collecting Django==3.0.5
remote:          Downloading Django-3.0.5-py3-none-any.whl (7.5 MB)
remote:        Collecting django-crispy-forms==1.9.0
remote:          Downloading django_crispy_forms-1.9.0-py2.py3-none-any.whl (107 kB)
remote:        Collecting django-heroku==0.3.1
remote:          Downloading django_heroku-0.3.1-py2.py3-none-any.whl (6.2 kB)
remote:        Collecting Flask==1.1.1
remote:          Downloading Flask-1.1.1-py2.py3-none-any.whl (94 kB)
remote:        Collecting gunicorn==20.0.4
remote:          Downloading gunicorn-20.0.4-py2.py3-none-any.whl (77 kB)
remote:        Collecting idna==2.9
remote:          Downloading idna-2.9-py2.py3-none-any.whl (58 kB)
remote:        Collecting inflection==0.3.1
remote:          Downloading inflection-0.3.1.tar.gz (8.7 kB)
remote:        Collecting itsdangerous==1.1.0
remote:          Downloading itsdangerous-1.1.0-py2.py3-none-any.whl (16 kB)
remote:        Collecting Jinja2==2.11.1
remote:          Downloading Jinja2-2.11.1-py2.py3-none-any.whl (126 kB)
remote:        Collecting joblib==0.14.1
remote:          Downloading joblib-0.14.1-py2.py3-none-any.whl (294 kB)
remote:        Collecting MarkupSafe==1.1.1
remote:          Downloading MarkupSafe-1.1.1-cp36-cp36m-manylinux1_x86_64.whl (27 kB)
remote:        Collecting more-itertools==8.2.0
remote:          Downloading more_itertools-8.2.0-py3-none-any.whl (43 kB)
remote:        Collecting numpy==1.18.1
remote:          Downloading numpy-1.18.1-cp36-cp36m-manylinux1_x86_64.whl (20.1 MB)
remote:        Collecting pandas==1.0.1
remote:          Downloading pandas-1.0.1-cp36-cp36m-manylinux1_x86_64.whl (10.1 MB)
remote:        Collecting Pillow==7.1.1
remote:          Downloading Pillow-7.1.1-cp36-cp36m-manylinux1_x86_64.whl (2.1 MB)
remote:        Collecting psycopg2==2.8.5
remote:          Downloading psycopg2-2.8.5.tar.gz (380 kB)
remote:        Collecting python-dateutil==2.8.1
remote:          Downloading python_dateutil-2.8.1-py2.py3-none-any.whl (227 kB)
remote:        Collecting pytz==2019.3
remote:          Downloading pytz-2019.3-py2.py3-none-any.whl (509 kB)
remote:        Collecting PyYAML==5.3
remote:          Downloading PyYAML-5.3.tar.gz (268 kB)
remote:        Collecting Quandl==3.5.0
remote:          Downloading Quandl-3.5.0-py2.py3-none-any.whl (25 kB)
remote:        Collecting requests==2.23.0
remote:          Downloading requests-2.23.0-py2.py3-none-any.whl (58 kB)
remote:        Collecting scikit-learn==0.22.2.post1
remote:          Downloading scikit_learn-0.22.2.post1-cp36-cp36m-manylinux1_x86_64.whl (7.1 MB)
remote:        Collecting scipy==1.4.1
remote:          Downloading scipy-1.4.1-cp36-cp36m-manylinux1_x86_64.whl (26.1 MB)
remote:        Collecting six==1.14.0
remote:          Downloading six-1.14.0-py2.py3-none-any.whl (10 kB)
remote:        Collecting sklearn==0.0
remote:          Downloading sklearn-0.0.tar.gz (1.1 kB)
remote:        Collecting sqlparse==0.3.1
remote:          Downloading sqlparse-0.3.1-py2.py3-none-any.whl (40 kB)
remote:        Collecting urllib3==1.25.8
remote:          Downloading urllib3-1.25.8-py2.py3-none-any.whl (125 kB)
remote:        Collecting Werkzeug==1.0.0
remote:          Downloading Werkzeug-1.0.0-py2.py3-none-any.whl (298 kB)
remote:        Collecting whitenoise==5.0.1
remote:          Downloading whitenoise-5.0.1-py2.py3-none-any.whl (20 kB)
remote:        Building wheels for collected packages: inflection, psycopg2, PyYAML, sklearn
remote:          Building wheel for inflection (setup.py): started
remote:          Building wheel for inflection (setup.py): finished with status 'done'
remote:          Created wheel for inflection: filename=inflection-0.3.1-py3-none-any.whl size=6075 sha256=dbdb908afe58572ea126e428729463ebcea0b3bf5b1cb314c62557cebc121c24
remote:          Stored in directory: /tmp/pip-ephem-wheel-cache-ntnlwung/wheels/20/80/0f/19bee3c7f2cf5ca41fcc9cdc8ed94c88b9946872651cb5ee91
remote:          Building wheel for psycopg2 (setup.py): started
remote:          Building wheel for psycopg2 (setup.py): finished with status 'done'
remote:          Created wheel for psycopg2: filename=psycopg2-2.8.5-cp36-cp36m-linux_x86_64.whl size=447313 sha256=eafed20e46b64b9b811a1c4107a0163da925e86c39e03f4a5967a5c7ca706292
remote:          Stored in directory: /tmp/pip-ephem-wheel-cache-ntnlwung/wheels/52/9a/ab/22a0d1dc560ad5c0d09cc1c968015f89726e7e01c190dee110
remote:          Building wheel for PyYAML (setup.py): started
remote:          Building wheel for PyYAML (setup.py): finished with status 'done'
remote:          Created wheel for PyYAML: filename=PyYAML-5.3-cp36-cp36m-linux_x86_64.whl size=401747 sha256=dd1c47dc598b6d01360d367846c019bdbd971a1eb36a0bc569ce016b64952cbb
remote:          Stored in directory: /tmp/pip-ephem-wheel-cache-ntnlwung/wheels/b1/86/0d/10e6c39d3a2b85ba807d7657ee80f08cc16c03f2aa2adf8e46
remote:          Building wheel for sklearn (setup.py): started
remote:          Building wheel for sklearn (setup.py): finished with status 'done'
remote:          Created wheel for sklearn: filename=sklearn-0.0-py2.py3-none-any.whl size=1315 sha256=824c4ab9f831548fd83cdf31754ca34abc6b17119bfbb2ca00375e6a478683bf
remote:          Stored in directory: /tmp/pip-ephem-wheel-cache-ntnlwung/wheels/23/9d/42/5ec745cbbb17517000a53cecc49d6a865450d1f5cb16dc8a9c
remote:        Successfully built inflection psycopg2 PyYAML sklearn
remote:        Installing collected packages: asgiref, certifi, chardet, Click, dj-database-url, pytz, sqlparse, Django, django-crispy-forms, psycopg2, whitenoise, django-heroku, MarkupSafe, Jinja2, itsdangerous, Werkzeug, Flask, gunicorn, idna, inflection, joblib, more-itertools, numpy, six, python-dateutil, pandas, Pillow, PyYAML, urllib3, requests, Quandl, scipy, scikit-learn, sklearn
remote:        Successfully installed Click-7.0 Django-3.0.5 Flask-1.1.1 Jinja2-2.11.1 MarkupSafe-1.1.1 Pillow-7.1.1 PyYAML-5.3 Quandl-3.5.0 Werkzeug-1.0.0 asgiref-3.2.7 certifi-2019.11.28 chardet-3.0.4 dj-database-url-0.5.0 django-crispy-forms-1.9.0 django-heroku-0.3.1 gunicorn-20.0.4 idna-2.9 inflection-0.3.1 itsdangerous-1.1.0 joblib-0.14.1 more-itertools-8.2.0 numpy-1.18.1 pandas-1.0.1 psycopg2-2.8.5 python-dateutil-2.8.1 pytz-2019.3 requests-2.23.0 scikit-learn-0.22.2.post1 scipy-1.4.1 six-1.14.0 sklearn-0.0 sqlparse-0.3.1 urllib3-1.25.8 whitenoise-5.0.1
remote: -----> $ python manage.py collectstatic --noinput
remote:        131 static files copied to '/tmp/build_6ddfcf746ae92567820674e187360d70/staticfiles', 415 post-processed.
remote:
remote: -----> Discovering process types
remote:        Procfile declares types -> web
remote:
remote: -----> Compressing...
remote:        Done: 131.6M
remote: -----> Launching...
remote:        Released v24
remote:        https://djangoprojectweb.herokuapp.com/ deployed to Heroku
remote:
remote: Verifying deploy... done.
To https://git.heroku.com/djangoprojectweb.git
   51965bb..f8ae9f6  master -> master

C:\Users\SadeedBari\Documents\djangoweb\django_project>heroku open

C:\Users\SadeedBari\Documents\djangoweb\django_project>heroku releases
=== djangoprojectweb Releases - Current: v24
v24  Deploy f8ae9f66             sadeedbari@gmail.com  2020/04/13 05:16:50 -0400 (~ 2m ago)
v23  Deploy 51965bb8             sadeedbari@gmail.com  2020/04/13 05:13:52 -0400 (~ 5m ago)
v22  Deploy 7ae89835             sadeedbari@gmail.com  2020/04/13 05:09:52 -0400 (~ 9m ago)
v21  Deploy 58c6a96e             sadeedbari@gmail.com  2020/04/13 04:34:56 -0400 (~ 44m ago)
v20  Deploy 13a46178             sadeedbari@gmail.com  2020/04/13 04:29:31 -0400 (~ 50m ago)
v19  Deploy a2548d14             sadeedbari@gmail.com  2020/04/13 04:13:27 -0400 (~ 1h ago)
v18  Deploy 06f63a78             sadeedbari@gmail.com  2020/04/13 04:03:02 -0400 (~ 1h ago)
v17  Deploy 3eb9f9d1             sadeedbari@gmail.com  2020/04/13 03:55:40 -0400 (~ 1h ago)
v16  Deploy fced8b5e             sadeedbari@gmail.com  2020/04/13 03:52:19 -0400 (~ 1h ago)
v15  Deploy 72a75968             sadeedbari@gmail.com  2020/04/13 03:47:56 -0400 (~ 1h ago)
v14  Deploy 8eec49fc             sadeedbari@gmail.com  2020/04/13 03:43:29 -0400 (~ 1h ago)
v13  Deploy 78aaa660             sadeedbari@gmail.com  2020/04/13 03:39:42 -0400 (~ 1h ago)
v12  Deploy f70bd082             sadeedbari@gmail.com  2020/04/13 01:57:42 -0400 (~ 3h ago)
v11  Deploy 020b04fa             sadeedbari@gmail.com  2020/04/12 18:52:31 -0400 (~ 10h ago)
v10  Set EMAIL_PASS config vars  sadeedbari@gmail.com  2020/04/12 18:49:36 -0400 (~ 10h ago)

C:\Users\SadeedBari\Documents\djangoweb\django_project>